BL51 BANKED LINKER/LOCATER V6.22.2.0                                                    02/08/2021  11:45:00  PAGE 1


BL51 BANKED LINKER/LOCATER V6.22.2.0, INVOKED BY:
C:\KEIL_V5\C51\BIN\BL51.EXE .\Out_File\Main.obj, .\Out_File\delay.obj, .\Out_File\sys.obj, .\Out_File\hc595.obj, .\Out_F
>> ile\led8.obj, .\Out_File\tftlcd.obj, .\Out_File\touch.obj, .\Out_File\adc.obj, .\Out_File\eeprom.obj TO .\Out_File\TO
>> UCH PRINT (.\TOUCH.m51) RAMSIZE (256) DISABLEWARNING (16)


MEMORY MODEL: LARGE WITH FLOATING POINT ARITHMETIC


INPUT MODULES INCLUDED:
  .\Out_File\Main.obj (MAIN)
  .\Out_File\delay.obj (DELAY)
  .\Out_File\sys.obj (SYS)
  .\Out_File\hc595.obj (HC595)
  .\Out_File\led8.obj (LED8)
  .\Out_File\tftlcd.obj (TFTLCD)
  .\Out_File\touch.obj (TOUCH)
  .\Out_File\adc.obj (ADC)
  .\Out_File\eeprom.obj (EEPROM)
  C:\KEIL_V5\C51\LIB\C51FPL.LIB (?C?FPADD)
  C:\KEIL_V5\C51\LIB\C51FPL.LIB (?C?FPMUL)
  C:\KEIL_V5\C51\LIB\C51FPL.LIB (?C?FPDIV)
  C:\KEIL_V5\C51\LIB\C51FPL.LIB (?C?FPCMP)
  C:\KEIL_V5\C51\LIB\C51FPL.LIB (?C?FCAST)
  C:\KEIL_V5\C51\LIB\C51FPL.LIB (?C?CASTF)
  C:\KEIL_V5\C51\LIB\C51FPL.LIB (PRINTF)
  C:\KEIL_V5\C51\LIB\C51FPL.LIB (FABS)
  C:\KEIL_V5\C51\LIB\C51FPL.LIB (SQRT)
  C:\KEIL_V5\C51\LIB\C51FPL.LIB (?C?FPGETOPN)
  C:\KEIL_V5\C51\LIB\C51FPL.LIB (?C?FPROUND)
  C:\KEIL_V5\C51\LIB\C51FPL.LIB (?C?FPCONVERT)
  C:\KEIL_V5\C51\LIB\C51FPL.LIB (?C?FTNPWR)
  C:\KEIL_V5\C51\LIB\C51L.LIB (?C_STARTUP)
  C:\KEIL_V5\C51\LIB\C51L.LIB (?C?COPY)
  C:\KEIL_V5\C51\LIB\C51L.LIB (?C?CLDPTR)
  C:\KEIL_V5\C51\LIB\C51L.LIB (?C?CLDOPTR)
  C:\KEIL_V5\C51\LIB\C51L.LIB (?C?CSTPTR)
  C:\KEIL_V5\C51\LIB\C51L.LIB (?C?IMUL)
  C:\KEIL_V5\C51\LIB\C51L.LIB (?C?UIDIV)
  C:\KEIL_V5\C51\LIB\C51L.LIB (?C?SIDIV)
  C:\KEIL_V5\C51\LIB\C51L.LIB (?C?IILDX)
  C:\KEIL_V5\C51\LIB\C51L.LIB (?C?ILDIX)
  C:\KEIL_V5\C51\LIB\C51L.LIB (?C?ILDPTR)
  C:\KEIL_V5\C51\LIB\C51L.LIB (?C?ILDOPTR)
  C:\KEIL_V5\C51\LIB\C51L.LIB (?C?ISTPTR)
  C:\KEIL_V5\C51\LIB\C51L.LIB (?C?LMUL)
  C:\KEIL_V5\C51\LIB\C51L.LIB (?C?SLDIV)
  C:\KEIL_V5\C51\LIB\C51L.LIB (?C?LNEG)
  C:\KEIL_V5\C51\LIB\C51L.LIB (?C?LLDXDATA)
  C:\KEIL_V5\C51\LIB\C51L.LIB (?C?LSTXDATA)
  C:\KEIL_V5\C51\LIB\C51L.LIB (?C?LSTKXDATA)
  C:\KEIL_V5\C51\LIB\C51L.LIB (?C?PLDIXDATA)
  C:\KEIL_V5\C51\LIB\C51L.LIB (?C?PSTXDATA)
  C:\KEIL_V5\C51\LIB\C51L.LIB (?C?CCASE)
  C:\KEIL_V5\C51\LIB\C51L.LIB (PUTCHAR)
  C:\KEIL_V5\C51\LIB\C51L.LIB (?C_INIT)
  C:\KEIL_V5\C51\LIB\C51L.LIB (?C?ULDIV)

BL51 BANKED LINKER/LOCATER V6.22.2.0                                                  02/08/2021  11:45:00  PAGE 2



LINK MAP OF MODULE:  .\Out_File\TOUCH (MAIN)


            TYPE    BASE      LENGTH    RELOCATION   SEGMENT NAME
            -----------------------------------------------------

            * * * * * * *   D A T A   M E M O R Y   * * * * * * *
            REG     0000H     0008H     ABSOLUTE     "REG BANK 0"
            DATA    0008H     0005H     UNIT         ?DT?PRINTF?PRINTF
                    000DH     0013H                  *** GAP ***
            BIT     0020H.0   0001H.1   UNIT         ?BI?PRINTF?PRINTF
                    0021H.1   0000H.7                *** GAP ***
            IDATA   0022H     0001H     UNIT         ?STACK

            * * * * * * *  X D A T A   M E M O R Y  * * * * * * *
            XDATA   0000H     0051H     UNIT         _XDATA_GROUP_
            XDATA   0051H     0030H     UNIT         ?XD?PRINTF?PRINTF
            XDATA   0081H     002AH     UNIT         ?XD?_TFT_LCD_FILL_TRIANGEL?TFTLCD
            XDATA   00ABH     0021H     UNIT         ?XD?_TFT_LCD_DRAW_LINE1?TFTLCD
            XDATA   00CCH     001BH     UNIT         ?XD?_TFT_LCD_SHOW_NUM?TFTLCD
            XDATA   00E7H     0013H     UNIT         ?XD?TFTLCD
            XDATA   00FAH     0012H     UNIT         ?XD?TOUCH
            XDATA   010CH     0010H     UNIT         ?XD?_TFT_LCD_SHOW_FONT12?TFTLCD
            XDATA   011CH     0010H     UNIT         ?XD?_TFT_LCD_SHOW_FONT16?TFTLCD
            XDATA   012CH     0010H     UNIT         ?XD?_TFT_LCD_SHOW_FONT24?TFTLCD
            XDATA   013CH     0010H     UNIT         ?XD?_TFT_LCD_SHOW_FONT32?TFTLCD
            XDATA   014CH     000EH     UNIT         ?XD?_TFT_LCD_DRAW_TRIANGEL?TFTLCD
            XDATA   015AH     000EH     UNIT         ?XD?_TFT_LCD_DRAW_BMP16?TFTLCD
            XDATA   0168H     000CH     UNIT         ?XD?MAIN
            XDATA   0174H     000AH     UNIT         ?XD?_TFT_LCD_FILL_RECTANGLE?TFTLCD
            XDATA   017EH     0007H     UNIT         ?XD?_HC595_SEND_MULTI_BYTE?HC595
            XDATA   0185H     0006H     UNIT         ?XD?_TFT_SWAP?TFTLCD
            XDATA   018BH     0004H     UNIT         ?XD?TFT_LCD_RD_DATA_16BIT?TFTLCD
            XDATA   018FH     0004H     UNIT         ?XD?TOUCH_READ_X?TOUCH
            XDATA   0193H     0004H     UNIT         ?XD?TOUCH_READ_Y?TOUCH
            XDATA   0197H     0003H     UNIT         ?XD?_HC595_BIT_SELECT?HC595
            XDATA   019AH     0002H     UNIT         ?XD?_HC595_SEND_BYTE?HC595
            XDATA   019CH     0002H     UNIT         ?XD?HC595_DISABLE?HC595
            XDATA   019EH     0002H     UNIT         ?XD?HC595_ENABLE_NIX?HC595
            XDATA   01A0H     0002H     UNIT         ?XD?HC595_ENABLE_MATRIX?HC595
            XDATA   01A2H     0002H     UNIT         ?XD?HC595_BIT_DISABLE?HC595
            XDATA   01A4H     0002H     UNIT         ?XD?_TFT_LCD_READ_POINT?TFTLCD
            XDATA   01A6H     0001H     UNIT         ?XD?ADC

            * * * * * * *   C O D E   M E M O R Y   * * * * * * *
            CODE    0000H     0003H     ABSOLUTE     
            CODE    0003H     0B29H     UNIT         ?PR?TOUCH_ADJUST?TOUCH
            CODE    0B2CH     0A6BH     UNIT         ?CO?TFTLCD
            CODE    1597H     09DBH     UNIT         ?C?LIB_CODE
            CODE    1F72H     04FAH     UNIT         ?PR?_TFT_LCD_FILL_TRIANGEL?TFTLCD
            CODE    246CH     04C3H     UNIT         ?PR?_TFT_LCD_SHOW_FONT32?TFTLCD
            CODE    292FH     0485H     UNIT         ?PR?_TFT_LCD_SHOW_FONT24?TFTLCD
            CODE    2DB4H     0483H     UNIT         ?PR?PRINTF?PRINTF
            CODE    3237H     0480H     UNIT         ?PR?_TFT_LCD_SHOW_FONT16?TFTLCD
            CODE    36B7H     039FH     UNIT         ?PR?_TFT_LCD_SHOW_FONT12?TFTLCD
            CODE    3A56H     039BH     UNIT         ?PR?TOUCH_READ_RAW_X?TOUCH
BL51 BANKED LINKER/LOCATER V6.22.2.0                                                  02/08/2021  11:45:00  PAGE 3


            CODE    3DF1H     039BH     UNIT         ?PR?TOUCH_READ_RAW_Y?TOUCH
            CODE    418CH     034AH     UNIT         ?PR?MAIN?MAIN
            CODE    44D6H     0327H     UNIT         ?PR?_TFT_LCD_DRAW_LINE1?TFTLCD
            CODE    47FDH     0246H     UNIT         ?PR?_TFT_LCD_SHOW_CHAR?TFTLCD
            CODE    4A43H     021EH     UNIT         ?PR?_TFT_LCD_DRAW_LINE?TFTLCD
            CODE    4C61H     01EEH     UNIT         ?PR?TFT_LCD_INIT?TFTLCD
            CODE    4E4FH     01E2H     UNIT         ?PR?_TFT_LCD_DRAW_CIRCLE?TFTLCD
            CODE    5031H     01ADH     UNIT         ?PR?TOUCH_GET_POINT?TOUCH
            CODE    51DEH     015DH     UNIT         ?PR?_TP_DROW_TOUCH_POINT?TOUCH
            CODE    533BH     013DH     UNIT         ?PR?_TFT_DRAW_CIRCLE_8?TFTLCD
            CODE    5478H     012DH     UNIT         ?PR?_TFT_LCD_DIRECTION?TFTLCD
            CODE    55A5H     0125H     UNIT         ?PR?_TP_READ_XY2?TOUCH
            CODE    56CAH     0113H     UNIT         ?PR?_TFT_LCD_FILL?TFTLCD
            CODE    57DDH     0103H     UNIT         ?PR?WRSB?MAIN
            CODE    58E0H     00E6H     UNIT         ?PR?_TFT_LCD_DRAW_RECTANGLE?TFTLCD
            CODE    59C6H     00E2H     UNIT         ?PR?TOUCH_READ_PRESSURE?TOUCH
            CODE    5AA8H     00DBH     UNIT         ?PR?_EEPROM_WRITE?EEPROM
            CODE    5B83H     00D8H     UNIT         ?PR?_TFT_LCD_DRAW_BMP16?TFTLCD
            CODE    5C5BH     00ACH     UNIT         ?PR?SQRT?SQRT
            CODE    5D07H     00A3H     UNIT         ?PR?_TFT_LCD_DRAW_TRIANGEL?TFTLCD
            CODE    5DAAH     009AH     UNIT         ?PR?TOUCH_READ_X?TOUCH
            CODE    5E44H     009AH     UNIT         ?PR?TOUCH_READ_Y?TOUCH
            CODE    5EDEH     0097H     UNIT         ?PR?_TFT_LCD_SHOW_STRING?TFTLCD
            CODE    5F75H     008CH     UNIT         ?C_C51STARTUP
            CODE    6001H     0082H     UNIT         ?PR?TFT_LCD_RD_DATA_16BIT?TFTLCD
            CODE    6083H     0080H     UNIT         ?PR?_TFT_LCD_SET_WINDOWS?TFTLCD
            CODE    6103H     0076H     UNIT         ?PR?_TFT_LCD_SHOW_NUM?TFTLCD
            CODE    6179H     0072H     UNIT         ?PR?_ADC_INIT?ADC
            CODE    61EBH     0057H     UNIT         ?PR?_TFT_SWAP?TFTLCD
            CODE    6242H     0055H     UNIT         ?PR?_TFT_LCD_CLEAR?TFTLCD
            CODE    6297H     0053H     UNIT         ?PR?_HC595_SEND_MULTI_BYTE?HC595
            CODE    62EAH     004EH     UNIT         ?PR?_TFT_LCD_SET_CURSOR?TFTLCD
            CODE    6338H     004AH     UNIT         ?PR?_HC595_BIT_SELECT?HC595
            CODE    6382H     004AH     UNIT         ?PR?_TFT_LCD_READREG?TFTLCD
            CODE    63CCH     004AH     UNIT         ?PR?_TFT_LCD_READ_POINT?TFTLCD
            CODE    6416H     0046H     UNIT         ?PR?_TFT_LCD_DRAW_POINT?TFTLCD
            CODE    645CH     0044H     UNIT         ?C?LDIV
            CODE    64A0H     0040H     UNIT         ?PR?_HC595_SEND_BYTE?HC595
            CODE    64E0H     0040H     UNIT         ?PR?_TOUCH_INIT?TOUCH
            CODE    6520H     0040H     UNIT         ?PR?_ADC_READ?ADC
            CODE    6560H     003CH     UNIT         ?C_INITSEG
            CODE    659CH     0037H     UNIT         ?CO?TOUCH
            CODE    65D3H     0033H     UNIT         ?PR?_TFT_GUI_DRAWPOINT?TFTLCD
            CODE    6606H     0032H     UNIT         ?PR?TFT_LCD_READ_ID?TFTLCD
            CODE    6638H     0032H     UNIT         ?PR?_EEPROM_READ?EEPROM
            CODE    666AH     0027H     UNIT         ?PR?PUTCHAR?PUTCHAR
            CODE    6691H     0025H     UNIT         ?PR?TFT_LCD_SET_GPIO?TFTLCD
            CODE    66B6H     0025H     UNIT         ?PR?_TFT_LCD_FILL_RECTANGLE?TFTLCD
            CODE    66DBH     0020H     UNIT         ?PR?HC595_DISABLE?HC595
            CODE    66FBH     0020H     UNIT         ?PR?HC595_ENABLE_NIX?HC595
            CODE    671BH     0020H     UNIT         ?PR?HC595_ENABLE_MATRIX?HC595
            CODE    673BH     0020H     UNIT         ?PR?HC595_BIT_DISABLE?HC595
            CODE    675BH     001FH     UNIT         ?PR?_TFT_COLOR_TO_565?TFTLCD
            CODE    677AH     001AH     UNIT         ?PR?EEPROM_TRIG?EEPROM
            CODE    6794H     0019H     UNIT         ?PR?HC595_INIT?HC595
            CODE    67ADH     0019H     UNIT         ?PR?TFT_LCD_RESET?TFTLCD
            CODE    67C6H     0018H     UNIT         ?PR?_EEPROM_READ_FLOAT?EEPROM
BL51 BANKED LINKER/LOCATER V6.22.2.0                                                  02/08/2021  11:45:00  PAGE 4


            CODE    67DEH     0017H     UNIT         ?PR?_EEPROM_WRITE_INT?EEPROM
            CODE    67F5H     0015H     UNIT         ?PR?_TFT_LCD_WR_DATA_16BIT?TFTLCD
            CODE    680AH     0013H     UNIT         ?PR?_EEPROM_SECTOR_ERASE?EEPROM
            CODE    681DH     0012H     UNIT         ?CO?HC595
            CODE    682FH     0012H     UNIT         ?PR?TFT_LCD_READ?TFTLCD
            CODE    6841H     0012H     UNIT         ?PR?_EEPROM_READ_INT?EEPROM
            CODE    6853H     0011H     UNIT         ?PR?_DELAY?DELAY
            CODE    6864H     000FH     UNIT         ?PR?_TFT_LCD_WRITE?TFTLCD
            CODE    6873H     000FH     UNIT         ?PR?_EEPROM_WRITE_FLOAT?EEPROM
            CODE    6882H     000EH     UNIT         ?PR?EEPROM_DISABLE?EEPROM
            CODE    6890H     000DH     UNIT         ?PR?HC595_OUT_ENABLE?HC595
            CODE    689DH     000DH     UNIT         ?PR?_FABS?FABS
            CODE    68AAH     000BH     UNIT         ?PR?TFT_LCD_WRITERAM_PREPARE?TFTLCD
            CODE    68B5H     000BH     UNIT         ?PR?TFT_LCD_READRAM_PREPARE?TFTLCD
            CODE    68C0H     000AH     UNIT         ?PR?DELAY50US?DELAY
            CODE    68CAH     000AH     UNIT         ?PR?DELAY1MS?DELAY
            CODE    68D4H     000AH     UNIT         ?PR?_TFT_LCD_WR_DATA?TFTLCD
            CODE    68DEH     000AH     UNIT         ?PR?TFT_LCD_RD_DATA?TFTLCD
            CODE    68E8H     000AH     UNIT         ?PR?_TFT_LCD_WRITEREG?TFTLCD
            CODE    68F2H     0009H     UNIT         ?PR?DELAY100US?DELAY
            CODE    68FBH     0009H     UNIT         ?PR?LED8_ENABLE?LED8
            CODE    6904H     0009H     UNIT         ?PR?LED8_DISABLE?LED8
            CODE    690DH     0005H     UNIT         ?PR?DELAY1US?DELAY
            CODE    6912H     0005H     UNIT         ?PR?DELAY5US?DELAY
            CODE    6917H     0005H     UNIT         ?PR?DELAY10US?DELAY
            CODE    691CH     0005H     UNIT         ?PR?_TFT_LCD_WR_REG?TFTLCD



OVERLAY MAP OF MODULE:   .\Out_File\TOUCH (MAIN)


SEGMENT                                       XDATA_GROUP
  +--> CALLED SEGMENT                       START    LENGTH
-----------------------------------------------------------
?C_C51STARTUP                               -----    -----
  +--> ?PR?MAIN?MAIN
  +--> ?C_INITSEG

?PR?MAIN?MAIN                               -----    -----
  +--> ?PR?TFT_LCD_INIT?TFTLCD
  +--> ?PR?_TFT_LCD_SET_WINDOWS?TFTLCD
  +--> ?PR?_TOUCH_INIT?TOUCH
  +--> ?PR?WRSB?MAIN
  +--> ?PR?TOUCH_GET_POINT?TOUCH
  +--> ?PR?_TFT_LCD_DRAW_RECTANGLE?TFTLCD
  +--> ?PR?_TFT_LCD_FILL?TFTLCD

?PR?TFT_LCD_INIT?TFTLCD                     -----    -----
  +--> ?PR?TFT_LCD_SET_GPIO?TFTLCD
  +--> ?PR?TFT_LCD_RESET?TFTLCD
  +--> ?PR?_TFT_LCD_WR_REG?TFTLCD
  +--> ?PR?_DELAY?DELAY
  +--> ?PR?_TFT_LCD_WR_DATA?TFTLCD
  +--> ?PR?TFT_LCD_READ_ID?TFTLCD
  +--> ?PR?_TFT_LCD_DIRECTION?TFTLCD

BL51 BANKED LINKER/LOCATER V6.22.2.0                                                  02/08/2021  11:45:00  PAGE 5


?PR?TFT_LCD_RESET?TFTLCD                    -----    -----
  +--> ?PR?_DELAY?DELAY

?PR?_DELAY?DELAY                            -----    -----
  +--> ?PR?DELAY1MS?DELAY

?PR?_TFT_LCD_WR_REG?TFTLCD                  -----    -----
  +--> ?PR?_TFT_LCD_WRITE?TFTLCD

?PR?_TFT_LCD_WR_DATA?TFTLCD                 -----    -----
  +--> ?PR?_TFT_LCD_WR_REG?TFTLCD
  +--> ?PR?_TFT_LCD_WRITE?TFTLCD

?PR?TFT_LCD_READ_ID?TFTLCD                  0000H    0004H
  +--> ?CO?TFTLCD
  +--> ?PR?_TFT_LCD_READREG?TFTLCD

?PR?_TFT_LCD_READREG?TFTLCD                 0004H    0006H
  +--> ?PR?_TFT_LCD_WR_REG?TFTLCD
  +--> ?PR?TFT_LCD_RD_DATA?TFTLCD

?PR?TFT_LCD_RD_DATA?TFTLCD                  -----    -----
  +--> ?PR?TFT_LCD_READ?TFTLCD

?PR?TFT_LCD_READ?TFTLCD                     -----    -----
  +--> ?PR?DELAY1US?DELAY

?PR?_TFT_LCD_DIRECTION?TFTLCD               -----    -----
  +--> ?PR?_TFT_LCD_WRITEREG?TFTLCD

?PR?_TFT_LCD_WRITEREG?TFTLCD                -----    -----
  +--> ?PR?_TFT_LCD_WR_REG?TFTLCD
  +--> ?PR?_TFT_LCD_WR_DATA?TFTLCD

?PR?_TFT_LCD_SET_WINDOWS?TFTLCD             0049H    0008H
  +--> ?PR?_TFT_LCD_WR_REG?TFTLCD
  +--> ?PR?_TFT_LCD_WR_DATA?TFTLCD
  +--> ?PR?TFT_LCD_WRITERAM_PREPARE?TFTLCD

?PR?TFT_LCD_WRITERAM_PREPARE?TFTLCD         -----    -----
  +--> ?PR?_TFT_LCD_WR_REG?TFTLCD

?PR?_TOUCH_INIT?TOUCH                       -----    -----
  +--> ?PR?_EEPROM_READ_FLOAT?EEPROM
  +--> ?PR?_EEPROM_READ_INT?EEPROM
  +--> ?PR?TOUCH_ADJUST?TOUCH

?PR?_EEPROM_READ_FLOAT?EEPROM               0023H    0004H
  +--> ?PR?_EEPROM_READ?EEPROM

?PR?_EEPROM_READ?EEPROM                     0027H    0006H
  +--> ?PR?EEPROM_TRIG?EEPROM
  +--> ?PR?EEPROM_DISABLE?EEPROM

?PR?_EEPROM_READ_INT?EEPROM                 0023H    0002H
  +--> ?PR?_EEPROM_READ?EEPROM

BL51 BANKED LINKER/LOCATER V6.22.2.0                                                  02/08/2021  11:45:00  PAGE 6


?PR?TOUCH_ADJUST?TOUCH                      0000H    0023H
  +--> ?PR?_TFT_LCD_CLEAR?TFTLCD
  +--> ?CO?TOUCH
  +--> ?PR?_TFT_LCD_SHOW_STRING?TFTLCD
  +--> ?PR?_TP_DROW_TOUCH_POINT?TOUCH
  +--> ?PR?_TP_READ_XY2?TOUCH
  +--> ?PR?TOUCH_READ_PRESSURE?TOUCH
  +--> ?PR?_FABS?FABS
  +--> ?PR?SQRT?SQRT
  +--> ?PR?_DELAY?DELAY
  +--> ?PR?_EEPROM_SECTOR_ERASE?EEPROM
  +--> ?PR?_EEPROM_WRITE_FLOAT?EEPROM
  +--> ?PR?_EEPROM_WRITE_INT?EEPROM
  +--> ?PR?_EEPROM_READ_FLOAT?EEPROM
  +--> ?PR?_EEPROM_READ_INT?EEPROM

?PR?_TFT_LCD_CLEAR?TFTLCD                   0023H    0004H
  +--> ?PR?_TFT_LCD_SET_WINDOWS?TFTLCD
  +--> ?PR?_TFT_LCD_WR_DATA_16BIT?TFTLCD

?PR?_TFT_LCD_WR_DATA_16BIT?TFTLCD           -----    -----
  +--> ?PR?_TFT_LCD_WRITE?TFTLCD

?PR?_TFT_LCD_SHOW_STRING?TFTLCD             0023H    000DH
  +--> ?PR?_TFT_LCD_SHOW_CHAR?TFTLCD

?PR?_TFT_LCD_SHOW_CHAR?TFTLCD               0030H    000DH
  +--> ?CO?TFTLCD
  +--> ?PR?_TFT_LCD_SET_CURSOR?TFTLCD
  +--> ?PR?_TFT_LCD_WR_DATA_16BIT?TFTLCD
  +--> ?PR?_TFT_LCD_SET_WINDOWS?TFTLCD

?PR?_TFT_LCD_SET_CURSOR?TFTLCD              -----    -----
  +--> ?PR?_TFT_LCD_SET_WINDOWS?TFTLCD

?PR?_TP_DROW_TOUCH_POINT?TOUCH              0023H    0006H
  +--> ?PR?_TFT_LCD_DRAW_LINE?TFTLCD
  +--> ?PR?_TFT_LCD_DRAW_POINT?TFTLCD
  +--> ?PR?_TFT_LCD_DRAW_CIRCLE?TFTLCD

?PR?_TFT_LCD_DRAW_LINE?TFTLCD               0029H    0020H
  +--> ?PR?_TFT_LCD_DRAW_POINT?TFTLCD

?PR?_TFT_LCD_DRAW_POINT?TFTLCD              -----    -----
  +--> ?PR?_TFT_LCD_SET_WINDOWS?TFTLCD
  +--> ?PR?_TFT_LCD_WR_DATA_16BIT?TFTLCD

?PR?_TFT_LCD_DRAW_CIRCLE?TFTLCD             0029H    0011H
  +--> ?PR?_TFT_DRAW_CIRCLE_8?TFTLCD

?PR?_TFT_DRAW_CIRCLE_8?TFTLCD               003AH    000AH
  +--> ?PR?_TFT_GUI_DRAWPOINT?TFTLCD

?PR?_TFT_GUI_DRAWPOINT?TFTLCD               0044H    0002H
  +--> ?PR?_TFT_LCD_SET_CURSOR?TFTLCD
  +--> ?PR?_TFT_LCD_WR_DATA_16BIT?TFTLCD

BL51 BANKED LINKER/LOCATER V6.22.2.0                                                  02/08/2021  11:45:00  PAGE 7


?PR?_TP_READ_XY2?TOUCH                      0023H    000EH
  +--> ?PR?TOUCH_READ_RAW_X?TOUCH
  +--> ?PR?TOUCH_READ_RAW_Y?TOUCH

?PR?TOUCH_READ_RAW_X?TOUCH                  0031H    0012H
  +--> ?PR?_ADC_INIT?ADC
  +--> ?PR?_ADC_READ?ADC

?PR?TOUCH_READ_RAW_Y?TOUCH                  0031H    0012H
  +--> ?PR?_ADC_INIT?ADC
  +--> ?PR?_ADC_READ?ADC

?PR?TOUCH_READ_PRESSURE?TOUCH               0023H    0004H
  +--> ?PR?_ADC_INIT?ADC
  +--> ?PR?_ADC_READ?ADC

?PR?SQRT?SQRT                               0023H    0004H

?PR?_EEPROM_SECTOR_ERASE?EEPROM             -----    -----
  +--> ?PR?EEPROM_TRIG?EEPROM
  +--> ?PR?EEPROM_DISABLE?EEPROM

?PR?_EEPROM_WRITE_FLOAT?EEPROM              0023H    0006H
  +--> ?PR?_EEPROM_WRITE?EEPROM

?PR?_EEPROM_WRITE?EEPROM                    0029H    000CH
  +--> ?PR?EEPROM_TRIG?EEPROM
  +--> ?PR?EEPROM_DISABLE?EEPROM

?PR?_EEPROM_WRITE_INT?EEPROM                0023H    0002H
  +--> ?PR?_EEPROM_WRITE?EEPROM

?PR?WRSB?MAIN                               -----    -----
  +--> ?PR?_TFT_LCD_FILL?TFTLCD

?PR?_TFT_LCD_FILL?TFTLCD                    0000H    0010H
  +--> ?PR?_TFT_LCD_SET_WINDOWS?TFTLCD
  +--> ?PR?_TFT_LCD_WR_DATA_16BIT?TFTLCD

?PR?TOUCH_GET_POINT?TOUCH                   0000H    000AH
  +--> ?PR?_TP_READ_XY2?TOUCH
  +--> ?PR?TOUCH_READ_PRESSURE?TOUCH

?PR?_TFT_LCD_DRAW_RECTANGLE?TFTLCD          0000H    000AH
  +--> ?PR?_TFT_LCD_DRAW_LINE?TFTLCD



SYMBOL TABLE OF MODULE:  .\Out_File\TOUCH (MAIN)

  VALUE           TYPE          NAME
  ----------------------------------

  -------         MODULE        MAIN
  C:0000H         SYMBOL        _ICE_DUMMY_
  D:0080H         PUBLIC        P0
  D:0090H         PUBLIC        P1
BL51 BANKED LINKER/LOCATER V6.22.2.0                                                  02/08/2021  11:45:00  PAGE 8


  D:00A0H         PUBLIC        P2
  D:00B0H         PUBLIC        P3
  D:00C0H         PUBLIC        P4
  D:00C8H         PUBLIC        P5
  D:00E8H         PUBLIC        P6
  D:00F8H         PUBLIC        P7
  D:00A8H         PUBLIC        IE
  D:00B8H         PUBLIC        IP
  C:418CH         PUBLIC        main
  X:0168H         PUBLIC        BOXSIZE
  D:0098H         PUBLIC        SCON
  D:0088H         PUBLIC        TCON
  X:0169H         PUBLIC        pp_x
  X:016BH         PUBLIC        pp_y
  X:016DH         PUBLIC        pp_z
  C:57DDH         PUBLIC        wrsb
  X:016FH         PUBLIC        bicolor
  X:0171H         PUBLIC        t
  D:00D0H         PUBLIC        PSW
  -------         PROC          WRSB
  C:57DDH         LINE#         35
  C:57DDH         LINE#         36
  C:57DDH         LINE#         37
  C:57FAH         LINE#         38
  C:5821H         LINE#         39
  C:5851H         LINE#         40
  C:5881H         LINE#         41
  C:58B0H         LINE#         42
  -------         ENDPROC       WRSB
  -------         PROC          MAIN
  C:418CH         LINE#         49
  C:418CH         LINE#         50
  C:418CH         LINE#         55
  C:418FH         LINE#         56
  C:41A5H         LINE#         58
  C:41AAH         LINE#         59
  C:41ADH         LINE#         61
  C:41ADH         LINE#         62
  C:41ADH         LINE#         63
  C:41BBH         LINE#         64
  C:41C8H         LINE#         65
  C:41D8H         LINE#         66
  C:41E8H         LINE#         67
  C:41F2H         LINE#         68
  C:420BH         LINE#         69
  C:420EH         LINE#         70
  C:421AH         LINE#         71
  C:421AH         LINE#         72
  C:4237H         LINE#         73
  C:423AH         LINE#         74
  C:4246H         LINE#         75
  C:4246H         LINE#         76
  C:4263H         LINE#         77
  C:4265H         LINE#         78
  C:4271H         LINE#         79
  C:4271H         LINE#         80
  C:428EH         LINE#         81
BL51 BANKED LINKER/LOCATER V6.22.2.0                                                  02/08/2021  11:45:00  PAGE 9


  C:4290H         LINE#         82
  C:429CH         LINE#         83
  C:429CH         LINE#         84
  C:42B7H         LINE#         85
  C:42B9H         LINE#         86
  C:42C5H         LINE#         87
  C:42C5H         LINE#         88
  C:42E5H         LINE#         89
  C:42E5H         LINE#         90
  C:4312H         LINE#         91
  C:4312H         LINE#         92
  C:4315H         LINE#         93
  C:431EH         LINE#         94
  C:4321H         LINE#         95
  C:434EH         LINE#         96
  C:434EH         LINE#         97
  C:4351H         LINE#         98
  C:4356H         LINE#         99
  C:4358H         LINE#         100
  C:4385H         LINE#         101
  C:4385H         LINE#         102
  C:4388H         LINE#         103
  C:4392H         LINE#         104
  C:4395H         LINE#         105
  C:43C2H         LINE#         106
  C:43C2H         LINE#         107
  C:43C5H         LINE#         108
  C:43CFH         LINE#         109
  C:43D2H         LINE#         110
  C:43FFH         LINE#         111
  C:43FFH         LINE#         112
  C:4402H         LINE#         113
  C:4406H         LINE#         114
  C:4408H         LINE#         115
  C:4435H         LINE#         116
  C:4435H         LINE#         117
  C:4438H         LINE#         118
  C:4442H         LINE#         119
  C:4445H         LINE#         120
  C:4491H         LINE#         121
  C:4491H         LINE#         122
  C:44D3H         LINE#         123
  C:44D3H         LINE#         124
  -------         ENDPROC       MAIN
  -------         ENDMOD        MAIN

  -------         MODULE        DELAY
  C:0000H         SYMBOL        _ICE_DUMMY_
  D:0080H         PUBLIC        P0
  D:0090H         PUBLIC        P1
  D:00A0H         PUBLIC        P2
  D:00B0H         PUBLIC        P3
  D:00C0H         PUBLIC        P4
  D:00C8H         PUBLIC        P5
  D:00E8H         PUBLIC        P6
  D:00F8H         PUBLIC        P7
  C:68F2H         PUBLIC        delay100us
BL51 BANKED LINKER/LOCATER V6.22.2.0                                                  02/08/2021  11:45:00  PAGE 10


  D:00A8H         PUBLIC        IE
  C:6853H         PUBLIC        _delay
  D:00B8H         PUBLIC        IP
  C:68CAH         PUBLIC        delay1ms
  C:690DH         PUBLIC        delay1us
  C:6912H         PUBLIC        delay5us
  D:0098H         PUBLIC        SCON
  D:0088H         PUBLIC        TCON
  C:6917H         PUBLIC        delay10us
  C:68C0H         PUBLIC        delay50us
  D:00D0H         PUBLIC        PSW
  -------         PROC          DELAY1US
  -------         DO            
  D:0007H         SYMBOL        i
  -------         ENDDO         
  C:690DH         LINE#         15
  C:690DH         LINE#         16
  C:690DH         LINE#         19
  C:690FH         LINE#         20
  C:6911H         LINE#         21
  -------         ENDPROC       DELAY1US
  -------         PROC          DELAY5US
  -------         DO            
  D:0007H         SYMBOL        i
  -------         ENDDO         
  C:6912H         LINE#         27
  C:6912H         LINE#         28
  C:6912H         LINE#         31
  C:6914H         LINE#         32
  C:6916H         LINE#         33
  -------         ENDPROC       DELAY5US
  -------         PROC          DELAY10US
  -------         DO            
  D:0007H         SYMBOL        i
  -------         ENDDO         
  C:6917H         LINE#         40
  C:6917H         LINE#         41
  C:6917H         LINE#         44
  C:6919H         LINE#         45
  C:691BH         LINE#         46
  -------         ENDPROC       DELAY10US
  -------         PROC          DELAY50US
  -------         DO            
  D:0007H         SYMBOL        i
  D:0006H         SYMBOL        j
  -------         ENDDO         
  C:68C0H         LINE#         53
  C:68C0H         LINE#         54
  C:68C0H         LINE#         57
  C:68C1H         LINE#         58
  C:68C3H         LINE#         59
  C:68C5H         LINE#         61
  C:68C5H         LINE#         62
  C:68C7H         LINE#         63
  C:68C9H         LINE#         64
  -------         ENDPROC       DELAY50US
  -------         PROC          DELAY100US
BL51 BANKED LINKER/LOCATER V6.22.2.0                                                  02/08/2021  11:45:00  PAGE 11


  -------         DO            
  D:0007H         SYMBOL        i
  D:0006H         SYMBOL        j
  -------         ENDDO         
  C:68F2H         LINE#         71
  C:68F2H         LINE#         72
  C:68F2H         LINE#         75
  C:68F4H         LINE#         76
  C:68F6H         LINE#         78
  C:68F6H         LINE#         79
  C:68F8H         LINE#         80
  C:68FAH         LINE#         81
  -------         ENDPROC       DELAY100US
  -------         PROC          DELAY1MS
  -------         DO            
  D:0007H         SYMBOL        i
  D:0006H         SYMBOL        j
  -------         ENDDO         
  C:68CAH         LINE#         88
  C:68CAH         LINE#         89
  C:68CAH         LINE#         91
  C:68CBH         LINE#         92
  C:68CDH         LINE#         93
  C:68CFH         LINE#         94
  C:68D3H         LINE#         95
  -------         ENDPROC       DELAY1MS
  -------         PROC          _DELAY
  D:0004H         SYMBOL        time
  C:6853H         LINE#         102
  C:6857H         LINE#         103
  C:6857H         LINE#         104
  C:6863H         LINE#         105
  -------         ENDPROC       _DELAY
  -------         ENDMOD        DELAY

  -------         MODULE        SYS
  C:0000H         SYMBOL        _ICE_DUMMY_
  D:0080H         PUBLIC        P0
  D:0090H         PUBLIC        P1
  D:00A0H         PUBLIC        P2
  D:00B0H         PUBLIC        P3
  D:00C0H         PUBLIC        P4
  D:00C8H         PUBLIC        P5
  D:00E8H         PUBLIC        P6
  D:00F8H         PUBLIC        P7
  D:00A8H         PUBLIC        IE
  D:00B8H         PUBLIC        IP
  D:0098H         PUBLIC        SCON
  D:0088H         PUBLIC        TCON
  D:00D0H         PUBLIC        PSW
  -------         ENDMOD        SYS

  -------         MODULE        HC595
  C:0000H         SYMBOL        _ICE_DUMMY_
  D:0080H         PUBLIC        P0
  D:0090H         PUBLIC        P1
  D:00B4H         PUBLIC        P4M0
BL51 BANKED LINKER/LOCATER V6.22.2.0                                                  02/08/2021  11:45:00  PAGE 12


  D:00A0H         PUBLIC        P2
  D:00B3H         PUBLIC        P4M1
  D:00B0H         PUBLIC        P3
  D:00C0H         PUBLIC        P4
  D:00C8H         PUBLIC        P5
  D:00E8H         PUBLIC        P6
  C:6794H         PUBLIC        hc595_init
  D:00F8H         PUBLIC        P7
  D:00A8H         PUBLIC        IE
  C:64A0H         PUBLIC        _hc595_send_byte
  D:00B8H         PUBLIC        IP
  C:6297H         PUBLIC        _hc595_send_multi_byte
  C:66DBH         PUBLIC        hc595_disable
  D:0098H         PUBLIC        SCON
  C:671BH         PUBLIC        hc595_enable_matrix
  D:0088H         PUBLIC        TCON
  B:00C0H.2       PUBLIC        P42
  B:00C0H.3       PUBLIC        P43
  B:00C0H.4       PUBLIC        P44
  C:6825H         SYMBOL        _?ix1000
  C:6827H         SYMBOL        _?ix1001
  C:6829H         SYMBOL        _?ix1002
  C:682BH         SYMBOL        _?ix1003
  C:682DH         SYMBOL        _?ix1004
  C:673BH         PUBLIC        hc595_bit_disable
  C:681DH         PUBLIC        _595_bdata
  C:66FBH         PUBLIC        hc595_enable_nix
  C:6890H         PUBLIC        hc595_out_enable
  C:6338H         PUBLIC        _hc595_bit_select
  D:00D0H         PUBLIC        PSW
  -------         PROC          HC595_INIT
  C:6794H         LINE#         19
  C:6794H         LINE#         20
  C:6794H         LINE#         21
  C:679AH         LINE#         22
  C:67A0H         LINE#         23
  C:67A6H         LINE#         25
  C:67A8H         LINE#         26
  C:67AAH         LINE#         27
  C:67ACH         LINE#         28
  -------         ENDPROC       HC595_INIT
  -------         PROC          HC595_OUT_ENABLE
  C:6890H         LINE#         35
  C:6890H         LINE#         36
  C:6890H         LINE#         37
  C:6892H         LINE#         38
  C:6895H         LINE#         39
  C:6897H         LINE#         40
  C:689AH         LINE#         41
  C:689CH         LINE#         42
  -------         ENDPROC       HC595_OUT_ENABLE
  -------         PROC          _HC595_SEND_BYTE
  X:019AH         SYMBOL        outdata
  -------         DO            
  X:019BH         SYMBOL        i
  -------         ENDDO         
  C:64A0H         LINE#         49
BL51 BANKED LINKER/LOCATER V6.22.2.0                                                  02/08/2021  11:45:00  PAGE 13


  C:64A5H         LINE#         50
  C:64A5H         LINE#         52
  C:64B5H         LINE#         53
  C:64B5H         LINE#         54
  C:64BFH         LINE#         55
  C:64BFH         LINE#         56
  C:64C1H         LINE#         57
  C:64C3H         LINE#         59
  C:64C3H         LINE#         60
  C:64C5H         LINE#         61
  C:64C5H         LINE#         62
  C:64C8H         LINE#         63
  C:64CAH         LINE#         64
  C:64CDH         LINE#         65
  C:64CFH         LINE#         66
  C:64D2H         LINE#         67
  C:64D9H         LINE#         68
  C:64DFH         LINE#         69
  -------         ENDPROC       _HC595_SEND_BYTE
  -------         PROC          _HC595_SEND_MULTI_BYTE
  X:017EH         SYMBOL        ddata
  X:0181H         SYMBOL        len
  -------         DO            
  X:0183H         SYMBOL        i
  -------         ENDDO         
  C:6297H         LINE#         76
  C:62A8H         LINE#         77
  C:62A8H         LINE#         79
  C:62C1H         LINE#         80
  C:62C1H         LINE#         81
  C:62D7H         LINE#         82
  C:62E7H         LINE#         83
  -------         ENDPROC       _HC595_SEND_MULTI_BYTE
  -------         PROC          HC595_DISABLE
  -------         DO            
  X:019CH         SYMBOL        buf
  -------         ENDDO         
  C:66DBH         LINE#         91
  C:66DBH         LINE#         92
  C:66DBH         LINE#         93
  C:66EEH         LINE#         94
  -------         ENDPROC       HC595_DISABLE
  -------         PROC          HC595_ENABLE_NIX
  -------         DO            
  X:019EH         SYMBOL        buf
  -------         ENDDO         
  C:66FBH         LINE#         102
  C:66FBH         LINE#         103
  C:66FBH         LINE#         104
  C:670EH         LINE#         105
  -------         ENDPROC       HC595_ENABLE_NIX
  -------         PROC          HC595_ENABLE_MATRIX
  -------         DO            
  X:01A0H         SYMBOL        buf
  -------         ENDDO         
  C:671BH         LINE#         113
  C:671BH         LINE#         114
BL51 BANKED LINKER/LOCATER V6.22.2.0                                                  02/08/2021  11:45:00  PAGE 14


  C:671BH         LINE#         115
  C:672EH         LINE#         116
  -------         ENDPROC       HC595_ENABLE_MATRIX
  -------         PROC          _HC595_BIT_SELECT
  X:0197H         SYMBOL        index
  -------         DO            
  X:0198H         SYMBOL        buf
  -------         ENDDO         
  C:6338H         LINE#         124
  C:633DH         LINE#         125
  C:633DH         LINE#         127
  C:6350H         LINE#         128
  C:635EH         LINE#         129
  C:635EH         LINE#         130
  C:6367H         LINE#         131
  C:6369H         LINE#         133
  C:6369H         LINE#         134
  C:6375H         LINE#         135
  C:6375H         LINE#         137
  -------         ENDPROC       _HC595_BIT_SELECT
  -------         PROC          HC595_BIT_DISABLE
  -------         DO            
  X:01A2H         SYMBOL        buf
  -------         ENDDO         
  C:673BH         LINE#         145
  C:673BH         LINE#         146
  C:673BH         LINE#         148
  C:674EH         LINE#         149
  -------         ENDPROC       HC595_BIT_DISABLE
  -------         ENDMOD        HC595

  -------         MODULE        LED8
  C:0000H         SYMBOL        _ICE_DUMMY_
  D:0080H         PUBLIC        P0
  D:0090H         PUBLIC        P1
  D:00B4H         PUBLIC        P4M0
  D:00A0H         PUBLIC        P2
  D:00B3H         PUBLIC        P4M1
  D:00B0H         PUBLIC        P3
  D:00C0H         PUBLIC        P4
  D:00C8H         PUBLIC        P5
  D:00E8H         PUBLIC        P6
  D:00F8H         PUBLIC        P7
  D:00A8H         PUBLIC        IE
  D:00B8H         PUBLIC        IP
  C:6904H         PUBLIC        led8_disable
  B:00C0H.0       PUBLIC        P40
  D:0098H         PUBLIC        SCON
  D:0088H         PUBLIC        TCON
  C:68FBH         PUBLIC        led8_enable
  D:00D0H         PUBLIC        PSW
  -------         PROC          LED8_ENABLE
  C:68FBH         LINE#         15
  C:68FBH         LINE#         16
  C:68FBH         LINE#         17
  C:6901H         LINE#         18
  C:6903H         LINE#         19
BL51 BANKED LINKER/LOCATER V6.22.2.0                                                  02/08/2021  11:45:00  PAGE 15


  -------         ENDPROC       LED8_ENABLE
  -------         PROC          LED8_DISABLE
  C:6904H         LINE#         26
  C:6904H         LINE#         27
  C:6904H         LINE#         28
  C:690AH         LINE#         29
  C:690CH         LINE#         30
  -------         ENDPROC       LED8_DISABLE
  -------         ENDMOD        LED8

  -------         MODULE        TFTLCD
  C:0000H         SYMBOL        _ICE_DUMMY_
  C:5B83H         PUBLIC        _tft_lcd_draw_bmp16
  D:0093H         PUBLIC        P0M1
  D:0092H         PUBLIC        P1M0
  D:0091H         PUBLIC        P1M1
  D:0080H         PUBLIC        P0
  C:4A43H         PUBLIC        _tft_lcd_draw_line
  D:0090H         PUBLIC        P1
  D:00B4H         PUBLIC        P4M0
  D:00A0H         PUBLIC        P2
  D:00B3H         PUBLIC        P4M1
  D:00B0H         PUBLIC        P3
  C:6432H         PUBLIC        _tft_lcd_draw_point
  C:60AAH         PUBLIC        _tft_lcd_set_windows
  D:00C0H         PUBLIC        P4
  C:5EDEH         PUBLIC        _tft_lcd_show_string
  D:00C8H         PUBLIC        P5
  D:00E8H         PUBLIC        P6
  C:36B7H         PUBLIC        _tft_lcd_show_font12
  D:00F8H         PUBLIC        P7
  C:246CH         PUBLIC        _tft_lcd_show_font32
  C:292FH         PUBLIC        _tft_lcd_show_font24
  C:47FDH         PUBLIC        _tft_lcd_show_char
  C:68AAH         PUBLIC        tft_lcd_writeram_prepare
  C:3237H         PUBLIC        _tft_lcd_show_font16
  C:66B6H         PUBLIC        _tft_lcd_fill_rectangle
  C:5478H         PUBLIC        _tft_lcd_direction
  D:00A8H         PUBLIC        IE
  C:58E0H         PUBLIC        _tft_lcd_draw_rectangle
  C:6606H         PUBLIC        tft_lcd_read_id
  C:0B2FH         PUBLIC        asc2_1206
  C:6319H         PUBLIC        _tft_lcd_set_cursor
  C:675BH         PUBLIC        _tft_color_to_565
  C:68DEH         PUBLIC        tft_lcd_rd_data
  D:00B8H         PUBLIC        IP
  C:0FA3H         PUBLIC        asc2_1608
  C:6001H         PUBLIC        tft_lcd_rd_data_16bit
  C:6382H         PUBLIC        _tft_lcd_readreg
  C:6691H         PUBLIC        tft_lcd_set_gpio
  C:1F72H         PUBLIC        _tft_lcd_fill_triangel
  C:68D9H         PUBLIC        _tft_lcd_wr_data
  C:5D07H         PUBLIC        _tft_lcd_draw_triangel
  C:44D6H         PUBLIC        _tft_lcd_draw_line1
  C:68E8H         PUBLIC        _tft_lcd_writereg
  D:0098H         PUBLIC        SCON
  C:67FAH         PUBLIC        _tft_lcd_wr_data_16bit
BL51 BANKED LINKER/LOCATER V6.22.2.0                                                  02/08/2021  11:45:00  PAGE 16


  B:0090H.4       PUBLIC        P14
  D:0088H         PUBLIC        TCON
  C:65F0H         PUBLIC        _tft_gui_drawpoint
  B:0090H.5       PUBLIC        P15
  B:00C0H.3       PUBLIC        P43
  B:0090H.6       PUBLIC        P16
  B:0090H.7       PUBLIC        P17
  C:6103H         PUBLIC        _tft_lcd_show_num
  X:00E7H         PUBLIC        _tft_lcd_back_color
  C:1593H         SYMBOL        _?ix1000
  C:4E4FH         PUBLIC        _tft_lcd_draw_circle
  C:5359H         PUBLIC        _tft_draw_circle_8
  C:691CH         PUBLIC        _tft_lcd_wr_reg
  C:6242H         PUBLIC        _tft_lcd_clear
  X:00E9H         PUBLIC        _tft_lcd_point_color
  C:682FH         PUBLIC        tft_lcd_read
  C:67ADH         PUBLIC        tft_lcd_reset
  C:61FFH         SYMBOL        _tft_swap
  C:56FEH         PUBLIC        _tft_lcd_fill
  C:63CCH         PUBLIC        _tft_lcd_read_point
  C:6864H         PUBLIC        _tft_lcd_write
  X:00EBH         PUBLIC        lcddev
  C:68B5H         PUBLIC        tft_lcd_readram_prepare
  D:00D0H         PUBLIC        PSW
  C:4C61H         PUBLIC        tft_lcd_init
  D:0094H         PUBLIC        P0M0
  -------         PROC          _TFT_LCD_WRITE
  D:0007H         SYMBOL        HVAL
  C:6864H         LINE#         30
  C:6864H         LINE#         31
  C:6864H         LINE#         32
  C:6866H         LINE#         33
  C:6868H         LINE#         34
  C:686AH         LINE#         35
  C:686EH         LINE#         36
  C:6870H         LINE#         37
  C:6872H         LINE#         38
  -------         ENDPROC       _TFT_LCD_WRITE
  -------         PROC          TFT_LCD_READ
  -------         DO            
  D:0006H         SYMBOL        d
  -------         ENDDO         
  C:682FH         LINE#         56
  C:682FH         LINE#         57
  C:682FH         LINE#         59
  C:6831H         LINE#         60
  C:6833H         LINE#         61
  C:6836H         LINE#         62
  C:6838H         LINE#         63
  C:683CH         LINE#         64
  C:683EH         LINE#         65
  C:6840H         LINE#         66
  C:6840H         LINE#         67
  -------         ENDPROC       TFT_LCD_READ
  -------         PROC          _TFT_LCD_WR_REG
  D:0006H         SYMBOL        Reg
  C:691CH         LINE#         74
BL51 BANKED LINKER/LOCATER V6.22.2.0                                                  02/08/2021  11:45:00  PAGE 17


  C:691CH         LINE#         75
  C:691CH         LINE#         76
  C:691EH         LINE#         78
  -------         ENDPROC       _TFT_LCD_WR_REG
  C:68D4H         SYMBOL        L?0433
  -------         PROC          L?0432
  -------         ENDPROC       L?0432
  C:68D4H         SYMBOL        L?0433
  -------         PROC          _TFT_LCD_WR_DATA
  D:0006H         SYMBOL        Data
  C:68D9H         LINE#         89
  C:68D9H         LINE#         90
  C:68D9H         LINE#         91
  C:68DBH         LINE#         93
  -------         ENDPROC       _TFT_LCD_WR_DATA
  -------         PROC          TFT_LCD_RD_DATA
  C:68DEH         LINE#         105
  C:68DEH         LINE#         106
  C:68DEH         LINE#         107
  C:68E0H         LINE#         109
  C:68E7H         LINE#         113
  -------         ENDPROC       TFT_LCD_RD_DATA
  C:67F5H         SYMBOL        L?0430
  -------         PROC          L?0429
  -------         ENDPROC       L?0429
  C:67F5H         SYMBOL        L?0430
  -------         PROC          _TFT_LCD_WR_DATA_16BIT
  D:0004H         SYMBOL        Data
  C:67FAH         LINE#         120
  C:67FEH         LINE#         121
  C:67FEH         LINE#         122
  C:6800H         LINE#         124
  C:6805H         LINE#         125
  -------         ENDPROC       _TFT_LCD_WR_DATA_16BIT
  -------         PROC          _TFT_COLOR_TO_565
  D:0002H         SYMBOL        r
  D:0005H         SYMBOL        g
  D:0003H         SYMBOL        b
  C:675BH         LINE#         136
  C:675DH         LINE#         137
  C:675DH         LINE#         138
  C:6779H         LINE#         139
  -------         ENDPROC       _TFT_COLOR_TO_565
  -------         PROC          TFT_LCD_RD_DATA_16BIT
  -------         DO            
  X:018BH         SYMBOL        r
  X:018DH         SYMBOL        g
  D:0002H         SYMBOL        b
  -------         ENDDO         
  C:6001H         LINE#         146
  C:6001H         LINE#         147
  C:6001H         LINE#         149
  C:6003H         LINE#         150
  C:6005H         LINE#         153
  C:6007H         LINE#         154
  C:600AH         LINE#         155
  C:6014H         LINE#         156
BL51 BANKED LINKER/LOCATER V6.22.2.0                                                  02/08/2021  11:45:00  PAGE 18


  C:601DH         LINE#         157
  C:601FH         LINE#         161
  C:6021H         LINE#         162
  C:6024H         LINE#         163
  C:602EH         LINE#         164
  C:6037H         LINE#         165
  C:6039H         LINE#         169
  C:603BH         LINE#         170
  C:603EH         LINE#         171
  C:6048H         LINE#         172
  C:6051H         LINE#         173
  C:6053H         LINE#         176
  C:6055H         LINE#         177
  C:6058H         LINE#         178
  C:605CH         LINE#         179
  C:605EH         LINE#         180
  C:6060H         LINE#         181
  C:606CH         LINE#         182
  C:6074H         LINE#         183
  C:6078H         LINE#         189
  C:607AH         LINE#         190
  -------         ENDPROC       TFT_LCD_RD_DATA_16BIT
  -------         PROC          _TFT_LCD_WRITEREG
  D:0006H         SYMBOL        LCD_Reg
  D:0004H         SYMBOL        LCD_RegValue
  C:68E8H         LINE#         198
  C:68E8H         LINE#         199
  C:68E8H         LINE#         200
  C:68EBH         LINE#         201
  -------         ENDPROC       _TFT_LCD_WRITEREG
  -------         PROC          _TFT_LCD_READREG
  D:0007H         SYMBOL        LCD_Reg
  X:0005H         SYMBOL        Rval
  X:0008H         SYMBOL        n
  C:6382H         LINE#         209
  C:638DH         LINE#         210
  C:638DH         LINE#         211
  C:6392H         LINE#         212
  C:6395H         LINE#         216
  C:639BH         LINE#         218
  C:63A9H         LINE#         219
  C:63A9H         LINE#         220
  C:63C0H         LINE#         221
  C:63C2H         LINE#         223
  C:63C8H         LINE#         224
  C:63CBH         LINE#         227
  -------         ENDPROC       _TFT_LCD_READREG
  -------         PROC          TFT_LCD_WRITERAM_PREPARE
  C:68AAH         LINE#         234
  C:68AAH         LINE#         235
  C:68AAH         LINE#         236
  -------         ENDPROC       TFT_LCD_WRITERAM_PREPARE
  -------         PROC          TFT_LCD_READRAM_PREPARE
  C:68B5H         LINE#         244
  C:68B5H         LINE#         245
  C:68B5H         LINE#         246
  -------         ENDPROC       TFT_LCD_READRAM_PREPARE
BL51 BANKED LINKER/LOCATER V6.22.2.0                                                  02/08/2021  11:45:00  PAGE 19


  -------         PROC          _TFT_LCD_CLEAR
  X:0023H         SYMBOL        color
  -------         DO            
  X:0025H         SYMBOL        i
  D:0002H         SYMBOL        j
  -------         ENDDO         
  C:6242H         LINE#         254
  C:624AH         LINE#         255
  C:624AH         LINE#         257
  C:624DH         LINE#         258
  C:6269H         LINE#         259
  C:6269H         LINE#         260
  C:6279H         LINE#         261
  C:6279H         LINE#         262
  C:627FH         LINE#         263
  C:6286H         LINE#         264
  C:6296H         LINE#         265
  -------         ENDPROC       _TFT_LCD_CLEAR
  C:6423H         SYMBOL        L?0427
  C:6424H         SYMBOL        L?0428
  -------         PROC          L?0426
  -------         ENDPROC       L?0426
  C:6423H         SYMBOL        L?0427
  C:6424H         SYMBOL        L?0428
  -------         PROC          _TFT_LCD_DRAW_POINT
  D:0002H         SYMBOL        x
  D:0082H         SYMBOL        y
  C:6432H         LINE#         272
  C:643AH         LINE#         273
  C:643AH         LINE#         274
  C:6451H         LINE#         275
  -------         ENDPROC       _TFT_LCD_DRAW_POINT
  -------         PROC          _TFT_LCD_READ_POINT
  X:01A4H         SYMBOL        x
  D:0004H         SYMBOL        y
  -------         DO            
  D:0006H         SYMBOL        color
  -------         ENDDO         
  C:63CCH         LINE#         283
  C:63D4H         LINE#         284
  C:63D4H         LINE#         286
  C:63EEH         LINE#         287
  C:63EEH         LINE#         288
  C:63F2H         LINE#         289
  C:63F2H         LINE#         290
  C:63FDH         LINE#         291
  C:6400H         LINE#         292
  C:6403H         LINE#         295
  C:6409H         LINE#         296
  C:640CH         LINE#         298
  C:6412H         LINE#         300
  C:6415H         LINE#         303
  C:6415H         LINE#         304
  -------         ENDPROC       _TFT_LCD_READ_POINT
  -------         PROC          TFT_LCD_SET_GPIO
  C:6691H         LINE#         311
  C:6691H         LINE#         312
BL51 BANKED LINKER/LOCATER V6.22.2.0                                                  02/08/2021  11:45:00  PAGE 20


  C:6691H         LINE#         313
  C:6697H         LINE#         314
  C:669DH         LINE#         315
  C:66A3H         LINE#         316
  C:66A9H         LINE#         317
  C:66AFH         LINE#         318
  C:66B5H         LINE#         319
  -------         ENDPROC       TFT_LCD_SET_GPIO
  -------         PROC          TFT_LCD_RESET
  C:67ADH         LINE#         326
  C:67ADH         LINE#         327
  C:67ADH         LINE#         328
  C:67B4H         LINE#         329
  C:67B6H         LINE#         330
  C:67BDH         LINE#         331
  C:67BFH         LINE#         332
  -------         ENDPROC       TFT_LCD_RESET
  -------         PROC          TFT_LCD_INIT
  C:4C61H         LINE#         340
  C:4C61H         LINE#         341
  C:4C61H         LINE#         342
  C:4C64H         LINE#         343
  C:4C67H         LINE#         346
  C:4C6EH         LINE#         347
  C:4C73H         LINE#         348
  C:4C7AH         LINE#         350
  C:4C7FH         LINE#         351
  C:4C84H         LINE#         352
  C:4C87H         LINE#         353
  C:4C8BH         LINE#         356
  C:4C8DH         LINE#         357
  C:4C90H         LINE#         358
  C:4C95H         LINE#         359
  C:4C9AH         LINE#         361
  C:4C9FH         LINE#         362
  C:4CA4H         LINE#         363
  C:4CA9H         LINE#         364
  C:4CAEH         LINE#         365
  C:4CB3H         LINE#         367
  C:4CB8H         LINE#         368
  C:4CBDH         LINE#         369
  C:4CC2H         LINE#         370
  C:4CC7H         LINE#         372
  C:4CCCH         LINE#         373
  C:4CD1H         LINE#         374
  C:4CD6H         LINE#         375
  C:4CDBH         LINE#         376
  C:4CE0H         LINE#         377
  C:4CE5H         LINE#         379
  C:4CEAH         LINE#         380
  C:4CEFH         LINE#         382
  C:4CF1H         LINE#         383
  C:4CF4H         LINE#         384
  C:4CF7H         LINE#         386
  C:4CF9H         LINE#         387
  C:4CFCH         LINE#         389
  C:4CFEH         LINE#         390
BL51 BANKED LINKER/LOCATER V6.22.2.0                                                  02/08/2021  11:45:00  PAGE 21


  C:4D01H         LINE#         392
  C:4D06H         LINE#         393
  C:4D0BH         LINE#         395
  C:4D10H         LINE#         396
  C:4D15H         LINE#         398
  C:4D1AH         LINE#         399
  C:4D1FH         LINE#         400
  C:4D24H         LINE#         402
  C:4D29H         LINE#         403
  C:4D2EH         LINE#         405
  C:4D33H         LINE#         406
  C:4D38H         LINE#         408
  C:4D3DH         LINE#         409
  C:4D42H         LINE#         411
  C:4D44H         LINE#         412
  C:4D47H         LINE#         413
  C:4D4CH         LINE#         415
  C:4D51H         LINE#         416
  C:4D56H         LINE#         417
  C:4D5BH         LINE#         419
  C:4D5DH         LINE#         420
  C:4D60H         LINE#         422
  C:4D65H         LINE#         423
  C:4D6AH         LINE#         425
  C:4D6FH         LINE#         426
  C:4D74H         LINE#         427
  C:4D79H         LINE#         428
  C:4D7EH         LINE#         429
  C:4D83H         LINE#         430
  C:4D88H         LINE#         431
  C:4D8DH         LINE#         432
  C:4D92H         LINE#         433
  C:4D97H         LINE#         434
  C:4D9CH         LINE#         435
  C:4DA1H         LINE#         436
  C:4DA6H         LINE#         437
  C:4DABH         LINE#         438
  C:4DB0H         LINE#         439
  C:4DB5H         LINE#         440
  C:4DBAH         LINE#         442
  C:4DBCH         LINE#         443
  C:4DBFH         LINE#         444
  C:4DC4H         LINE#         445
  C:4DC9H         LINE#         446
  C:4DCEH         LINE#         447
  C:4DD3H         LINE#         448
  C:4DD8H         LINE#         449
  C:4DDDH         LINE#         450
  C:4DE2H         LINE#         451
  C:4DE7H         LINE#         452
  C:4DECH         LINE#         453
  C:4DF1H         LINE#         454
  C:4DF4H         LINE#         455
  C:4DF9H         LINE#         456
  C:4DFEH         LINE#         457
  C:4E03H         LINE#         459
  C:4E05H         LINE#         460
BL51 BANKED LINKER/LOCATER V6.22.2.0                                                  02/08/2021  11:45:00  PAGE 22


  C:4E08H         LINE#         461
  C:4E0BH         LINE#         462
  C:4E0FH         LINE#         463
  C:4E14H         LINE#         465
  C:4E16H         LINE#         466
  C:4E19H         LINE#         467
  C:4E1CH         LINE#         468
  C:4E1FH         LINE#         469
  C:4E24H         LINE#         471
  C:4E29H         LINE#         472
  C:4E2EH         LINE#         474
  C:4E33H         LINE#         475
  C:4E38H         LINE#         476
  C:4E3FH         LINE#         477
  C:4E4AH         LINE#         478
  -------         ENDPROC       TFT_LCD_INIT
  C:6083H         SYMBOL        L?0421
  -------         PROC          L?0420
  -------         ENDPROC       L?0420
  C:6083H         SYMBOL        L?0421
  -------         PROC          _TFT_LCD_SET_WINDOWS
  X:0049H         SYMBOL        x0
  D:0004H         SYMBOL        y0
  D:0002H         SYMBOL        x1
  X:004FH         SYMBOL        y1
  C:60AAH         LINE#         487
  C:60B2H         LINE#         488
  C:60B2H         LINE#         489
  C:60BDH         LINE#         490
  C:60C7H         LINE#         491
  C:60CDH         LINE#         492
  C:60D2H         LINE#         493
  C:60D9H         LINE#         495
  C:60E4H         LINE#         496
  C:60EBH         LINE#         497
  C:60F2H         LINE#         498
  C:60FAH         LINE#         499
  C:6100H         LINE#         501
  -------         ENDPROC       _TFT_LCD_SET_WINDOWS
  C:62EDH         SYMBOL        L?0417
  C:6301H         SYMBOL        L?0418
  C:6314H         SYMBOL        L?0419
  -------         PROC          L?0416
  -------         ENDPROC       L?0416
  C:62EDH         SYMBOL        L?0417
  C:6301H         SYMBOL        L?0418
  C:6314H         SYMBOL        L?0419
  -------         PROC          _TFT_LCD_SET_CURSOR
  D:0002H         SYMBOL        x
  D:0082H         SYMBOL        y
  C:6319H         LINE#         509
  C:6321H         LINE#         510
  C:6321H         LINE#         511
  -------         ENDPROC       _TFT_LCD_SET_CURSOR
  -------         PROC          _TFT_LCD_DIRECTION
  D:0007H         SYMBOL        direction
  C:5478H         LINE#         519
BL51 BANKED LINKER/LOCATER V6.22.2.0                                                  02/08/2021  11:45:00  PAGE 23


  C:5478H         LINE#         520
  C:5478H         LINE#         521
  C:5481H         LINE#         522
  C:5488H         LINE#         523
  C:5491H         LINE#         524
  C:5498H         LINE#         525
  C:54AFH         LINE#         526
  C:54AFH         LINE#         527
  C:54B8H         LINE#         528
  C:54C0H         LINE#         529
  C:54E2H         LINE#         530
  C:54E7H         LINE#         531
  C:54E9H         LINE#         532
  C:54ECH         LINE#         533
  C:54ECH         LINE#         534
  C:54F6H         LINE#         535
  C:54FDH         LINE#         536
  C:551FH         LINE#         537
  C:5523H         LINE#         538
  C:5525H         LINE#         539
  C:5527H         LINE#         540
  C:5527H         LINE#         541
  C:5530H         LINE#         542
  C:5538H         LINE#         543
  C:555AH         LINE#         544
  C:555EH         LINE#         545
  C:5560H         LINE#         546
  C:5562H         LINE#         547
  C:5562H         LINE#         548
  C:556CH         LINE#         549
  C:5573H         LINE#         550
  C:5595H         LINE#         551
  C:5599H         LINE#         552
  C:55A4H         LINE#         553
  C:55A4H         LINE#         554
  C:55A4H         LINE#         555
  C:55A4H         LINE#         556
  -------         ENDPROC       _TFT_LCD_DIRECTION
  -------         PROC          TFT_LCD_READ_ID
  -------         DO            
  X:0000H         SYMBOL        val
  -------         ENDDO         
  C:6606H         LINE#         563
  C:6606H         LINE#         564
  C:6606H         LINE#         565
  C:6619H         LINE#         566
  C:662DH         LINE#         567
  C:6637H         LINE#         568
  -------         ENDPROC       TFT_LCD_READ_ID
  -------         PROC          L?0431
  -------         ENDPROC       L?0431
  -------         PROC          _TFT_LCD_FILL
  X:0000H         SYMBOL        x0
  X:0002H         SYMBOL        y0
  D:0002H         SYMBOL        x1
  X:0006H         SYMBOL        y1
  X:0008H         SYMBOL        color
BL51 BANKED LINKER/LOCATER V6.22.2.0                                                  02/08/2021  11:45:00  PAGE 24


  -------         DO            
  X:000AH         SYMBOL        i
  D:0002H         SYMBOL        j
  X:000CH         SYMBOL        width
  X:000EH         SYMBOL        height
  -------         ENDDO         
  C:56FEH         LINE#         575
  C:570CH         LINE#         576
  C:570CH         LINE#         578
  C:5727H         LINE#         579
  C:5748H         LINE#         580
  C:576AH         LINE#         581
  C:5786H         LINE#         582
  C:5786H         LINE#         583
  C:5796H         LINE#         584
  C:57A3H         LINE#         585
  C:57B3H         LINE#         586
  -------         ENDPROC       _TFT_LCD_FILL
  -------         PROC          _TFT_LCD_DRAW_LINE
  X:0029H         SYMBOL        x0
  X:002BH         SYMBOL        y0
  D:0002H         SYMBOL        x1
  X:002FH         SYMBOL        y1
  X:0031H         SYMBOL        color
  -------         DO            
  X:0033H         SYMBOL        t
  X:0035H         SYMBOL        xerr
  X:0037H         SYMBOL        yerr
  X:0039H         SYMBOL        delta_x
  X:003BH         SYMBOL        delta_y
  X:003DH         SYMBOL        distance
  X:003FH         SYMBOL        incx
  X:0041H         SYMBOL        incy
  X:0043H         SYMBOL        uRow
  X:0045H         SYMBOL        uCol
  X:0047H         SYMBOL        tem_color
  -------         ENDDO         
  C:4A43H         LINE#         594
  C:4A51H         LINE#         595
  C:4A51H         LINE#         597
  C:4A5CH         LINE#         599
  C:4A6BH         LINE#         600
  C:4A7AH         LINE#         601
  C:4A8FH         LINE#         602
  C:4AAAH         LINE#         603
  C:4AB9H         LINE#         604
  C:4ABFH         LINE#         605
  C:4ADBH         LINE#         606
  C:4AE7H         LINE#         607
  C:4AFCH         LINE#         608
  C:4B18H         LINE#         609
  C:4B24H         LINE#         610
  C:4B39H         LINE#         611
  C:4B5FH         LINE#         612
  C:4B64H         LINE#         613
  C:4B8FH         LINE#         614
  C:4B8FH         LINE#         615
BL51 BANKED LINKER/LOCATER V6.22.2.0                                                  02/08/2021  11:45:00  PAGE 25


  C:4BA0H         LINE#         616
  C:4BB4H         LINE#         617
  C:4BC8H         LINE#         618
  C:4BE4H         LINE#         619
  C:4BE4H         LINE#         620
  C:4BF0H         LINE#         621
  C:4C04H         LINE#         622
  C:4C04H         LINE#         623
  C:4C20H         LINE#         624
  C:4C20H         LINE#         625
  C:4C2CH         LINE#         626
  C:4C40H         LINE#         627
  C:4C40H         LINE#         628
  C:4C51H         LINE#         629
  C:4C60H         LINE#         630
  -------         ENDPROC       _TFT_LCD_DRAW_LINE
  -------         PROC          _TFT_LCD_DRAW_LINE1
  X:00ABH         SYMBOL        x0
  X:00ADH         SYMBOL        y0
  D:0002H         SYMBOL        x1
  X:00B1H         SYMBOL        y1
  X:00B3H         SYMBOL        size
  X:00B4H         SYMBOL        color
  -------         DO            
  X:00B6H         SYMBOL        t
  X:00B8H         SYMBOL        xerr
  X:00BAH         SYMBOL        yerr
  X:00BCH         SYMBOL        delta_x
  X:00BEH         SYMBOL        delta_y
  X:00C0H         SYMBOL        distance
  X:00C2H         SYMBOL        incx
  X:00C4H         SYMBOL        incy
  X:00C6H         SYMBOL        uRow
  X:00C8H         SYMBOL        uCol
  X:00CAH         SYMBOL        tem_color
  -------         ENDDO         
  C:44D6H         LINE#         637
  C:44E4H         LINE#         638
  C:44E4H         LINE#         640
  C:44EFH         LINE#         643
  C:44FEH         LINE#         644
  C:450DH         LINE#         646
  C:4522H         LINE#         647
  C:453DH         LINE#         648
  C:454CH         LINE#         649
  C:4552H         LINE#         650
  C:456EH         LINE#         651
  C:457AH         LINE#         652
  C:458FH         LINE#         653
  C:45ABH         LINE#         654
  C:45B7H         LINE#         655
  C:45CCH         LINE#         656
  C:45F2H         LINE#         657
  C:45F7H         LINE#         658
  C:4622H         LINE#         659
  C:4622H         LINE#         660
  C:4639H         LINE#         661
BL51 BANKED LINKER/LOCATER V6.22.2.0                                                  02/08/2021  11:45:00  PAGE 26


  C:4641H         LINE#         662
  C:4641H         LINE#         663
  C:4652H         LINE#         664
  C:466BH         LINE#         665
  C:4676H         LINE#         666
  C:4679H         LINE#         667
  C:4679H         LINE#         668
  C:4684H         LINE#         669
  C:4684H         LINE#         670
  C:4695H         LINE#         671
  C:46AEH         LINE#         672
  C:46B9H         LINE#         673
  C:46BCH         LINE#         674
  C:46CCH         LINE#         675
  C:46EBH         LINE#         676
  C:470AH         LINE#         677
  C:4723H         LINE#         678
  C:473CH         LINE#         679
  C:473CH         LINE#         680
  C:4750H         LINE#         681
  C:4764H         LINE#         682
  C:4780H         LINE#         683
  C:4780H         LINE#         684
  C:478CH         LINE#         685
  C:47A0H         LINE#         686
  C:47A0H         LINE#         687
  C:47BCH         LINE#         688
  C:47BCH         LINE#         689
  C:47C8H         LINE#         690
  C:47DCH         LINE#         691
  C:47DCH         LINE#         692
  C:47EDH         LINE#         693
  C:47FCH         LINE#         694
  -------         ENDPROC       _TFT_LCD_DRAW_LINE1
  -------         PROC          _TFT_LCD_DRAW_RECTANGLE
  X:0000H         SYMBOL        x0
  X:0002H         SYMBOL        y0
  X:0004H         SYMBOL        x1
  X:0006H         SYMBOL        y1
  X:0008H         SYMBOL        color
  C:58E0H         LINE#         701
  C:58F6H         LINE#         702
  C:58F6H         LINE#         703
  C:5921H         LINE#         704
  C:5957H         LINE#         705
  C:598EH         LINE#         706
  -------         ENDPROC       _TFT_LCD_DRAW_RECTANGLE
  -------         PROC          _TFT_LCD_FILL_RECTANGLE
  D:0006H         SYMBOL        x0
  D:0004H         SYMBOL        y0
  D:0002H         SYMBOL        x1
  X:017AH         SYMBOL        y1
  X:017CH         SYMBOL        color
  C:66B6H         LINE#         714
  C:66B6H         LINE#         715
  C:66B6H         LINE#         716
  -------         ENDPROC       _TFT_LCD_FILL_RECTANGLE
BL51 BANKED LINKER/LOCATER V6.22.2.0                                                  02/08/2021  11:45:00  PAGE 27


  C:65D6H         SYMBOL        L?0423
  C:65D7H         SYMBOL        L?0424
  C:65E7H         SYMBOL        L?0425
  -------         PROC          L?0422
  -------         ENDPROC       L?0422
  C:65D6H         SYMBOL        L?0423
  C:65D7H         SYMBOL        L?0424
  C:65E7H         SYMBOL        L?0425
  -------         PROC          _TFT_GUI_DRAWPOINT
  D:0006H         SYMBOL        x
  D:0004H         SYMBOL        y
  X:0044H         SYMBOL        color
  C:65F0H         LINE#         724
  C:65F8H         LINE#         725
  C:65F8H         LINE#         726
  C:65FBH         LINE#         727
  -------         ENDPROC       _TFT_GUI_DRAWPOINT
  -------         PROC          L?0434
  -------         ENDPROC       L?0434
  -------         PROC          _TFT_DRAW_CIRCLE_8
  X:003AH         SYMBOL        xc
  X:003CH         SYMBOL        yc
  X:003EH         SYMBOL        x
  X:0040H         SYMBOL        y
  X:0042H         SYMBOL        color
  C:5359H         LINE#         736
  C:5371H         LINE#         737
  C:5371H         LINE#         738
  C:5379H         LINE#         740
  C:5394H         LINE#         742
  C:53BFH         LINE#         744
  C:53EBH         LINE#         746
  C:5401H         LINE#         748
  C:5418H         LINE#         750
  C:5443H         LINE#         752
  -------         ENDPROC       _TFT_DRAW_CIRCLE_8
  -------         PROC          _TFT_LCD_DRAW_CIRCLE
  X:0029H         SYMBOL        xc
  X:002BH         SYMBOL        yc
  D:0002H         SYMBOL        r
  X:002FH         SYMBOL        color
  X:0031H         SYMBOL        fill
  -------         DO            
  X:0032H         SYMBOL        x
  X:0034H         SYMBOL        y
  X:0036H         SYMBOL        yi
  X:0038H         SYMBOL        d
  -------         ENDDO         
  C:4E4FH         LINE#         760
  C:4E5DH         LINE#         761
  C:4E5DH         LINE#         762
  C:4E6AH         LINE#         764
  C:4E7EH         LINE#         766
  C:4E87H         LINE#         767
  C:4E87H         LINE#         769
  C:4EA6H         LINE#         770
  C:4EC9H         LINE#         771
BL51 BANKED LINKER/LOCATER V6.22.2.0                                                  02/08/2021  11:45:00  PAGE 28


  C:4EF4H         LINE#         773
  C:4F04H         LINE#         774
  C:4F25H         LINE#         775
  C:4F27H         LINE#         776
  C:4F27H         LINE#         777
  C:4F5CH         LINE#         778
  C:4F6AH         LINE#         779
  C:4F6AH         LINE#         780
  C:4F7BH         LINE#         781
  C:4F7EH         LINE#         782
  C:4F7EH         LINE#         784
  C:4F7EH         LINE#         786
  C:4F9DH         LINE#         787
  C:4FA9H         LINE#         788
  C:4FB9H         LINE#         789
  C:4FDAH         LINE#         790
  C:4FDCH         LINE#         791
  C:4FDCH         LINE#         792
  C:5011H         LINE#         793
  C:501FH         LINE#         794
  C:501FH         LINE#         795
  C:502DH         LINE#         796
  C:5030H         LINE#         797
  C:5030H         LINE#         798
  -------         ENDPROC       _TFT_LCD_DRAW_CIRCLE
  -------         PROC          _TFT_LCD_DRAW_TRIANGEL
  X:014CH         SYMBOL        x0
  X:014EH         SYMBOL        y0
  X:0150H         SYMBOL        x1
  X:0152H         SYMBOL        y1
  X:0154H         SYMBOL        x2
  X:0156H         SYMBOL        y2
  X:0158H         SYMBOL        color
  C:5D07H         LINE#         805
  C:5D1BH         LINE#         806
  C:5D1BH         LINE#         807
  C:5D3EH         LINE#         808
  C:5D73H         LINE#         809
  -------         ENDPROC       _TFT_LCD_DRAW_TRIANGEL
  -------         PROC          L?0435
  -------         ENDPROC       L?0435
  -------         PROC          _TFT_SWAP
  X:0185H         SYMBOL        a
  X:0188H         SYMBOL        b
  -------         DO            
  D:0006H         SYMBOL        tmp
  -------         ENDDO         
  C:61FFH         LINE#         817
  C:620AH         LINE#         818
  C:620AH         LINE#         820
  C:6210H         LINE#         821
  C:6231H         LINE#         822
  -------         ENDPROC       _TFT_SWAP
  -------         PROC          _TFT_LCD_FILL_TRIANGEL
  X:0081H         SYMBOL        x0
  X:0083H         SYMBOL        y0
  X:0085H         SYMBOL        x1
BL51 BANKED LINKER/LOCATER V6.22.2.0                                                  02/08/2021  11:45:00  PAGE 29


  X:0087H         SYMBOL        y1
  X:0089H         SYMBOL        x2
  X:008BH         SYMBOL        y2
  X:008DH         SYMBOL        color
  -------         DO            
  X:008FH         SYMBOL        a
  X:0091H         SYMBOL        b
  X:0093H         SYMBOL        y
  X:0095H         SYMBOL        last
  X:0097H         SYMBOL        dx01
  X:0099H         SYMBOL        dy01
  X:009BH         SYMBOL        dx02
  X:009DH         SYMBOL        dy02
  X:009FH         SYMBOL        dx12
  X:00A1H         SYMBOL        dy12
  X:00A3H         SYMBOL        sa
  X:00A7H         SYMBOL        sb
  -------         ENDDO         
  C:1F72H         LINE#         830
  C:1F86H         LINE#         831
  C:1F86H         LINE#         834
  C:1F90H         LINE#         835
  C:1F9AH         LINE#         836
  C:1FAFH         LINE#         837
  C:1FAFH         LINE#         838
  C:1FB2H         LINE#         839
  C:1FC9H         LINE#         840
  C:1FC9H         LINE#         841
  C:1FDEH         LINE#         842
  C:1FDEH         LINE#         843
  C:1FF5H         LINE#         844
  C:200CH         LINE#         845
  C:200CH         LINE#         846
  C:2021H         LINE#         847
  C:2021H         LINE#         848
  C:2024H         LINE#         849
  C:203BH         LINE#         850
  C:203BH         LINE#         851
  C:2055H         LINE#         852
  C:2055H         LINE#         853
  C:206DH         LINE#         854
  C:2083H         LINE#         855
  C:2083H         LINE#         856
  C:208BH         LINE#         857
  C:208DH         LINE#         858
  C:209CH         LINE#         859
  C:209CH         LINE#         860
  C:20ABH         LINE#         861
  C:20ABH         LINE#         862
  C:20C1H         LINE#         863
  C:20C1H         LINE#         864
  C:20C9H         LINE#         865
  C:20CBH         LINE#         866
  C:20DAH         LINE#         867
  C:20DAH         LINE#         868
  C:20E9H         LINE#         869
  C:20E9H         LINE#         870
BL51 BANKED LINKER/LOCATER V6.22.2.0                                                  02/08/2021  11:45:00  PAGE 30


  C:211AH         LINE#         872
  C:211AH         LINE#         873
  C:2135H         LINE#         874
  C:2150H         LINE#         875
  C:2163H         LINE#         876
  C:217EH         LINE#         877
  C:2199H         LINE#         878
  C:21B5H         LINE#         880
  C:21BDH         LINE#         881
  C:21BDH         LINE#         882
  C:21C7H         LINE#         883
  C:21C9H         LINE#         885
  C:21C9H         LINE#         886
  C:21DDH         LINE#         887
  C:21DDH         LINE#         888
  C:2204H         LINE#         889
  C:2204H         LINE#         890
  C:2237H         LINE#         891
  C:226AH         LINE#         892
  C:2298H         LINE#         893
  C:22C6H         LINE#         894
  C:22DBH         LINE#         895
  C:22DBH         LINE#         896
  C:22F2H         LINE#         897
  C:22F2H         LINE#         898
  C:22F5H         LINE#         899
  C:2306H         LINE#         900
  C:2330H         LINE#         901
  C:2353H         LINE#         902
  C:236BH         LINE#         903
  C:236BH         LINE#         904
  C:239CH         LINE#         905
  C:23CFH         LINE#         906
  C:23FDH         LINE#         907
  C:242BH         LINE#         908
  C:2440H         LINE#         909
  C:2440H         LINE#         910
  C:2457H         LINE#         911
  C:2457H         LINE#         912
  C:245AH         LINE#         913
  C:246BH         LINE#         914
  -------         ENDPROC       _TFT_LCD_FILL_TRIANGEL
  -------         PROC          _TFT_LCD_SHOW_CHAR
  X:0030H         SYMBOL        x
  X:0032H         SYMBOL        y
  X:0034H         SYMBOL        chr
  X:0035H         SYMBOL        font_color
  X:0037H         SYMBOL        background_color
  X:0039H         SYMBOL        size
  X:003AH         SYMBOL        mode
  -------         DO            
  X:003BH         SYMBOL        temp
  D:0001H         SYMBOL        j
  X:003CH         SYMBOL        i
  -------         ENDDO         
  C:47FDH         LINE#         922
  C:4810H         LINE#         923
BL51 BANKED LINKER/LOCATER V6.22.2.0                                                  02/08/2021  11:45:00  PAGE 31


  C:4810H         LINE#         926
  C:4817H         LINE#         927
  C:4822H         LINE#         928
  C:4822H         LINE#         929
  C:4831H         LINE#         930
  C:4831H         LINE#         931
  C:4848H         LINE#         932
  C:4867H         LINE#         933
  C:487FH         LINE#         934
  C:487FH         LINE#         935
  C:4895H         LINE#         936
  C:4895H         LINE#         937
  C:489BH         LINE#         938
  C:489BH         LINE#         939
  C:48A0H         LINE#         940
  C:48B2H         LINE#         941
  C:48B5H         LINE#         942
  C:48B7H         LINE#         943
  C:48B7H         LINE#         944
  C:48DBH         LINE#         945
  C:48DEH         LINE#         946
  C:48DEH         LINE#         947
  C:48E0H         LINE#         949
  C:48E0H         LINE#         950
  C:48E7H         LINE#         951
  C:4909H         LINE#         952
  C:490FH         LINE#         953
  C:490FH         LINE#         954
  C:490FH         LINE#         955
  C:490FH         LINE#         956
  C:4916H         LINE#         957
  C:491DH         LINE#         958
  C:4921H         LINE#         959
  C:4921H         LINE#         960
  C:4921H         LINE#         961
  C:4930H         LINE#         962
  C:4930H         LINE#         963
  C:4947H         LINE#         964
  C:4966H         LINE#         965
  C:497EH         LINE#         966
  C:497EH         LINE#         967
  C:4984H         LINE#         968
  C:4984H         LINE#         969
  C:4989H         LINE#         970
  C:49AAH         LINE#         971
  C:49ADH         LINE#         972
  C:49AFH         LINE#         973
  C:49AFH         LINE#         974
  C:49D3H         LINE#         975
  C:49D6H         LINE#         976
  C:49D6H         LINE#         977
  C:49D8H         LINE#         979
  C:49D8H         LINE#         980
  C:49DFH         LINE#         981
  C:4A01H         LINE#         982
  C:4A07H         LINE#         983
  C:4A07H         LINE#         984
BL51 BANKED LINKER/LOCATER V6.22.2.0                                                  02/08/2021  11:45:00  PAGE 32


  C:4A07H         LINE#         985
  C:4A0EH         LINE#         986
  C:4A15H         LINE#         987
  C:4A19H         LINE#         988
  C:4A19H         LINE#         989
  -------         ENDPROC       _TFT_LCD_SHOW_CHAR
  -------         PROC          _TFT_LCD_SHOW_STRING
  X:0023H         SYMBOL        x
  X:0025H         SYMBOL        y
  X:0027H         SYMBOL        p
  X:002AH         SYMBOL        font_color
  X:002CH         SYMBOL        background_color
  X:002EH         SYMBOL        size
  X:002FH         SYMBOL        mode
  C:5EDEH         LINE#         998
  C:5EF5H         LINE#         999
  C:5EF5H         LINE#         1000
  C:5F0FH         LINE#         1001
  C:5F0FH         LINE#         1002
  C:5F54H         LINE#         1003
  C:5F68H         LINE#         1004
  C:5F72H         LINE#         1005
  C:5F74H         LINE#         1006
  -------         ENDPROC       _TFT_LCD_SHOW_STRING
  -------         PROC          _TFT_LCD_SHOW_NUM
  X:00CCH         SYMBOL        x
  X:00CEH         SYMBOL        y
  D:0006H         SYMBOL        num
  X:00D2H         SYMBOL        font_color
  X:00D4H         SYMBOL        background_color
  X:00D6H         SYMBOL        size
  X:00D7H         SYMBOL        mode
  -------         DO            
  X:00D8H         SYMBOL        men
  D:0001H         SYMBOL        str
  -------         ENDDO         
  C:6103H         LINE#         1051
  C:6115H         LINE#         1052
  C:6115H         LINE#         1054
  C:611BH         LINE#         1055
  C:6132H         LINE#         1056
  -------         ENDPROC       _TFT_LCD_SHOW_NUM
  -------         PROC          _TFT_LCD_SHOW_FONT12
  X:010CH         SYMBOL        lenth
  X:010DH         SYMBOL        hz
  X:0110H         SYMBOL        x
  X:0112H         SYMBOL        y
  X:0114H         SYMBOL        font_color
  X:0116H         SYMBOL        background_color
  X:0118H         SYMBOL        mode
  -------         DO            
  X:0119H         SYMBOL        zz
  X:011AH         SYMBOL        i
  X:011BH         SYMBOL        j
  D:0006H         SYMBOL        zs
  -------         ENDDO         
  C:36B7H         LINE#         1065
BL51 BANKED LINKER/LOCATER V6.22.2.0                                                  02/08/2021  11:45:00  PAGE 33


  C:36C5H         LINE#         1066
  C:36C5H         LINE#         1069
  C:36D6H         LINE#         1070
  C:36D6H         LINE#         1071
  C:36E4H         LINE#         1072
  C:36F9H         LINE#         1073
  C:36F9H         LINE#         1074
  C:370CH         LINE#         1075
  C:370CH         LINE#         1076
  C:3722H         LINE#         1077
  C:3722H         LINE#         1078
  C:3751H         LINE#         1079
  C:3777H         LINE#         1080
  C:37A1H         LINE#         1081
  C:37AAH         LINE#         1082
  C:37AAH         LINE#         1083
  C:3805H         LINE#         1084
  C:3808H         LINE#         1085
  C:380BH         LINE#         1086
  C:380EH         LINE#         1087
  C:380EH         LINE#         1088
  C:3828H         LINE#         1089
  C:382BH         LINE#         1090
  C:382BH         LINE#         1091
  C:382EH         LINE#         1093
  C:382EH         LINE#         1094
  C:388CH         LINE#         1095
  C:388FH         LINE#         1096
  C:3895H         LINE#         1097
  C:3895H         LINE#         1098
  C:3895H         LINE#         1099
  C:3895H         LINE#         1100
  C:389EH         LINE#         1101
  C:38A7H         LINE#         1102
  C:38B0H         LINE#         1103
  C:38B0H         LINE#         1105
  C:38B0H         LINE#         1106
  C:38C5H         LINE#         1107
  C:38C5H         LINE#         1109
  C:38D8H         LINE#         1110
  C:38D8H         LINE#         1111
  C:38EEH         LINE#         1112
  C:38EEH         LINE#         1113
  C:391CH         LINE#         1114
  C:3942H         LINE#         1115
  C:394BH         LINE#         1116
  C:394BH         LINE#         1117
  C:39A7H         LINE#         1118
  C:39AAH         LINE#         1119
  C:39ADH         LINE#         1120
  C:39B0H         LINE#         1121
  C:39B0H         LINE#         1122
  C:39CAH         LINE#         1123
  C:39CDH         LINE#         1124
  C:39CDH         LINE#         1125
  C:39D0H         LINE#         1127
  C:39D0H         LINE#         1128
BL51 BANKED LINKER/LOCATER V6.22.2.0                                                  02/08/2021  11:45:00  PAGE 34


  C:3A2EH         LINE#         1129
  C:3A31H         LINE#         1130
  C:3A37H         LINE#         1131
  C:3A37H         LINE#         1132
  C:3A37H         LINE#         1133
  C:3A40H         LINE#         1134
  C:3A49H         LINE#         1135
  C:3A52H         LINE#         1136
  C:3A52H         LINE#         1137
  C:3A55H         LINE#         1138
  -------         ENDPROC       _TFT_LCD_SHOW_FONT12
  -------         PROC          _TFT_LCD_SHOW_FONT16
  X:011CH         SYMBOL        lenth
  X:011DH         SYMBOL        hz
  X:0120H         SYMBOL        x
  X:0122H         SYMBOL        y
  X:0124H         SYMBOL        font_color
  X:0126H         SYMBOL        background_color
  X:0128H         SYMBOL        mode
  -------         DO            
  X:0129H         SYMBOL        zz
  X:012AH         SYMBOL        i
  X:012BH         SYMBOL        j
  D:0006H         SYMBOL        zs
  -------         ENDDO         
  C:3237H         LINE#         1146
  C:3245H         LINE#         1147
  C:3245H         LINE#         1150
  C:3256H         LINE#         1151
  C:3256H         LINE#         1152
  C:3264H         LINE#         1153
  C:3279H         LINE#         1154
  C:3279H         LINE#         1155
  C:328CH         LINE#         1156
  C:328CH         LINE#         1157
  C:32A2H         LINE#         1158
  C:32A2H         LINE#         1159
  C:32D1H         LINE#         1160
  C:32F7H         LINE#         1161
  C:3321H         LINE#         1162
  C:332AH         LINE#         1163
  C:332AH         LINE#         1164
  C:3385H         LINE#         1165
  C:33AFH         LINE#         1166
[...]
  C:0A15H         LINE#         438
  C:0A15H         LINE#         440
  C:0A18H         LINE#         441
  C:0A18H         LINE#         442
  C:0A21H         LINE#         443
  C:0A28H         LINE#         444
  C:0A50H         LINE#         445
  C:0A57H         LINE#         447
  C:0A5EH         LINE#         448
  C:0A79H         LINE#         449
  C:0A94H         LINE#         450
  C:0AA3H         LINE#         451
  C:0AB2H         LINE#         453
  C:0AB9H         LINE#         455
  C:0AB9H         LINE#         456
  C:0AC5H         LINE#         457
  C:0AC5H         LINE#         458
  C:0ACCH         LINE#         459
  C:0ADAH         LINE#         460
  C:0AECH         LINE#         461
  C:0AECH         LINE#         462
  C:0AF3H         LINE#         464
  C:0B00H         LINE#         465
  C:0B0DH         LINE#         466
  C:0B1CH         LINE#         467
  C:0B2BH         LINE#         469
  C:0B2BH         LINE#         470
  C:0B2BH         LINE#         471
  -------         ENDPROC       TOUCH_ADJUST
  -------         PROC          _TOUCH_INIT
  D:0007H         SYMBOL        t
  C:64E0H         LINE#         478
  C:64E0H         LINE#         479
  C:64E0H         LINE#         480
  C:64E3H         LINE#         481
  C:64E3H         LINE#         482
  C:64F0H         LINE#         483
  C:64FDH         LINE#         484
  C:650CH         LINE#         485
  C:651BH         LINE#         486
  C:651CH         LINE#         487
  C:651FH         LINE#         488
  C:651FH         LINE#         489
  -------         ENDPROC       _TOUCH_INIT
  -------         PROC          TOUCH_GET_POINT
  -------         DO            
BL51 BANKED LINKER/LOCATER V6.22.2.0                                                  02/08/2021  11:45:00  PAGE 47


  X:0000H         SYMBOL        tspoint
  X:0006H         SYMBOL        x
  X:0008H         SYMBOL        y
  -------         ENDDO         
  C:5031H         LINE#         496
  C:5031H         LINE#         497
  C:5031H         LINE#         500
  C:5048H         LINE#         501
  C:5056H         LINE#         502
  C:5056H         LINE#         504
  C:5056H         LINE#         506
  C:5056H         LINE#         507
  C:5058H         LINE#         508
  C:5066H         LINE#         509
  C:5066H         LINE#         511
  C:50ADH         LINE#         513
  C:50B5H         LINE#         514
  C:50B8H         LINE#         516
  C:50BEH         LINE#         517
  C:50BEH         LINE#         519
  C:510EH         LINE#         521
  C:511FH         LINE#         522
  C:5121H         LINE#         523
  C:512CH         LINE#         524
  C:512CH         LINE#         526
  C:517CH         LINE#         528
  C:51CCH         LINE#         529
  C:51CCH         LINE#         532
  C:51D7H         LINE#         534
  C:51DDH         LINE#         535
  -------         ENDPROC       TOUCH_GET_POINT
  -------         PROC          TOUCH_READ_X
  -------         DO            
  X:018FH         SYMBOL        x
  X:0191H         SYMBOL        y
  -------         ENDDO         
  C:5DAAH         LINE#         542
  C:5DAAH         LINE#         543
  C:5DAAH         LINE#         545
  C:5DC1H         LINE#         546
  C:5DCDH         LINE#         547
  C:5DCDH         LINE#         549
  C:5DD7H         LINE#         550
  C:5DD7H         LINE#         551
  C:5DDDH         LINE#         552
  C:5DDDH         LINE#         554
  C:5DF0H         LINE#         555
  C:5DF0H         LINE#         556
  C:5DF8H         LINE#         557
  C:5DF8H         LINE#         559
  C:5E40H         LINE#         560
  C:5E40H         LINE#         561
  C:5E43H         LINE#         562
  -------         ENDPROC       TOUCH_READ_X
  -------         PROC          TOUCH_READ_Y
  -------         DO            
  X:0193H         SYMBOL        x
BL51 BANKED LINKER/LOCATER V6.22.2.0                                                  02/08/2021  11:45:00  PAGE 48


  X:0195H         SYMBOL        y
  -------         ENDDO         
  C:5E44H         LINE#         569
  C:5E44H         LINE#         570
  C:5E44H         LINE#         572
  C:5E5BH         LINE#         573
  C:5E67H         LINE#         574
  C:5E67H         LINE#         576
  C:5E71H         LINE#         577
  C:5E71H         LINE#         578
  C:5E77H         LINE#         579
  C:5E77H         LINE#         581
  C:5E8AH         LINE#         582
  C:5E8AH         LINE#         583
  C:5E92H         LINE#         584
  C:5E92H         LINE#         586
  C:5EDAH         LINE#         587
  C:5EDAH         LINE#         588
  C:5EDDH         LINE#         589
  -------         ENDPROC       TOUCH_READ_Y
  -------         ENDMOD        TOUCH

  -------         MODULE        ADC
  C:0000H         SYMBOL        _ICE_DUMMY_
  D:0093H         PUBLIC        P0M1
  D:0092H         PUBLIC        P1M0
  D:0091H         PUBLIC        P1M1
  D:0080H         PUBLIC        P0
  D:00B2H         PUBLIC        P3M0
  D:0090H         PUBLIC        P1
  D:00B1H         PUBLIC        P3M1
  D:00A0H         PUBLIC        P2
  D:00B0H         PUBLIC        P3
  D:00C0H         PUBLIC        P4
  D:00C8H         PUBLIC        P5
  D:00E8H         PUBLIC        P6
  D:00F8H         PUBLIC        P7
  D:00A8H         PUBLIC        IE
  X:01A6H         PUBLIC        setbit
  D:00BDH         PUBLIC        ADC_RES
  D:00B8H         PUBLIC        IP
  D:00DEH         PUBLIC        ADCCFG
  C:6520H         PUBLIC        _adc_read
  D:00BCH         PUBLIC        ADC_CONTR
  D:0098H         PUBLIC        SCON
  D:0088H         PUBLIC        TCON
  C:6179H         PUBLIC        _adc_init
  D:00BEH         PUBLIC        ADC_RESL
  D:00D0H         PUBLIC        PSW
  D:0094H         PUBLIC        P0M0
  -------         PROC          _ADC_INIT
  D:0007H         SYMBOL        adcn
  D:0005H         SYMBOL        speed
  D:0003H         SYMBOL        sbi
  C:6179H         LINE#         20
  C:6179H         LINE#         21
  C:6179H         LINE#         22
BL51 BANKED LINKER/LOCATER V6.22.2.0                                                  02/08/2021  11:45:00  PAGE 49


  C:617EH         LINE#         23
  C:6181H         LINE#         24
  C:618BH         LINE#         25
  C:618BH         LINE#         26
  C:618FH         LINE#         28
  C:61A0H         LINE#         29
  C:61A3H         LINE#         32
  C:61A5H         LINE#         33
  C:61A5H         LINE#         34
  C:61B2H         LINE#         35
  C:61B2H         LINE#         37
  C:61C4H         LINE#         38
  C:61C7H         LINE#         39
  C:61C9H         LINE#         40
  C:61CDH         LINE#         41
  C:61CDH         LINE#         43
  C:61DFH         LINE#         44
  C:61E2H         LINE#         45
  C:61E2H         LINE#         46
  C:61E2H         LINE#         48
  C:61E7H         LINE#         50
  C:61EAH         LINE#         52
  -------         ENDPROC       _ADC_INIT
  -------         PROC          _ADC_READ
  D:0007H         SYMBOL        adcn
  -------         DO            
  D:0006H         SYMBOL        adc_value
  -------         ENDDO         
  C:6520H         LINE#         63
  C:6520H         LINE#         64
  C:6520H         LINE#         66
  C:652EH         LINE#         68
  C:6531H         LINE#         69
  C:6534H         LINE#         71
  C:6537H         LINE#         72
  C:653CH         LINE#         73
  C:653FH         LINE#         76
  C:6541H         LINE#         77
  C:6543H         LINE#         78
  C:6547H         LINE#         80
  C:654AH         LINE#         81
  C:654CH         LINE#         83
  C:655FH         LINE#         86
  C:655FH         LINE#         87
  -------         ENDPROC       _ADC_READ
  -------         ENDMOD        ADC

  -------         MODULE        EEPROM
  C:0000H         SYMBOL        _ICE_DUMMY_
  D:0080H         PUBLIC        P0
  D:0090H         PUBLIC        P1
  D:00A0H         PUBLIC        P2
  D:00B0H         PUBLIC        P3
  D:00C0H         PUBLIC        P4
  C:67C6H         PUBLIC        _eeprom_read_float
  D:00C8H         PUBLIC        P5
  D:00E8H         PUBLIC        P6
BL51 BANKED LINKER/LOCATER V6.22.2.0                                                  02/08/2021  11:45:00  PAGE 50


  B:00A8H.7       PUBLIC        EA
  D:00F8H         PUBLIC        P7
  C:663EH         PUBLIC        _eeprom_read
  D:00A8H         PUBLIC        IE
  D:00C5H         PUBLIC        IAP_CMD
  C:6873H         PUBLIC        _eeprom_write_float
  D:00B8H         PUBLIC        IP
  C:5AA8H         PUBLIC        _eeprom_write
  D:00C3H         PUBLIC        IAP_ADDRH
  D:00C4H         PUBLIC        IAP_ADDRL
  C:6781H         PUBLIC        eeprom_trig
  D:00F5H         PUBLIC        IAP_TPS
  D:0098H         PUBLIC        SCON
  D:0088H         PUBLIC        TCON
  C:6841H         PUBLIC        _eeprom_read_int
  D:00C7H         PUBLIC        IAP_CONTR
  C:6882H         PUBLIC        eeprom_disable
  C:67DEH         PUBLIC        _eeprom_write_int
  D:00C2H         PUBLIC        IAP_DATA
  D:00C6H         PUBLIC        IAP_TRIG
  C:680AH         PUBLIC        _eeprom_sector_erase
  B:00D0H.5       PUBLIC        F0
  D:00D0H         PUBLIC        PSW
  -------         PROC          EEPROM_DISABLE
  C:6882H         LINE#         17
  C:6882H         LINE#         18
  C:6882H         LINE#         19
  C:6885H         LINE#         20
  C:6887H         LINE#         21
  C:6889H         LINE#         22
  C:688CH         LINE#         23
  C:688FH         LINE#         24
  -------         ENDPROC       EEPROM_DISABLE
  C:677AH         SYMBOL        L?0025
  -------         PROC          L?0024
  -------         ENDPROC       L?0024
  C:677AH         SYMBOL        L?0025
  -------         PROC          EEPROM_TRIG
  C:6781H         LINE#         31
  C:6781H         LINE#         32
  C:6781H         LINE#         33
  C:6785H         LINE#         34
  C:6787H         LINE#         35
  C:678AH         LINE#         36
  C:678DH         LINE#         39
  C:678EH         LINE#         40
  C:678FH         LINE#         41
  C:6793H         LINE#         42
  -------         ENDPROC       EEPROM_TRIG
  -------         PROC          _EEPROM_SECTOR_ERASE
  D:0004H         SYMBOL        EE_address
  C:680AH         LINE#         49
  C:680EH         LINE#         50
  C:680EH         LINE#         51
  C:6814H         LINE#         52
  C:6817H         LINE#         55
  C:6817H         LINE#         56
BL51 BANKED LINKER/LOCATER V6.22.2.0                                                  02/08/2021  11:45:00  PAGE 51


  C:6817H         LINE#         57
  C:681AH         LINE#         58
  -------         ENDPROC       _EEPROM_SECTOR_ERASE
  -------         PROC          L?0026
  -------         ENDPROC       L?0026
  -------         PROC          _EEPROM_READ
  D:0004H         SYMBOL        EE_address
  D:0001H         SYMBOL        DataAddress
  X:002CH         SYMBOL        length
  C:663EH         LINE#         68
  C:6642H         LINE#         69
  C:6642H         LINE#         70
  C:6648H         LINE#         71
  C:664BH         LINE#         73
  C:664BH         LINE#         74
  C:664BH         LINE#         75
  C:664BH         LINE#         76
  C:664EH         LINE#         77
  C:6653H         LINE#         78
  C:6658H         LINE#         79
  C:665FH         LINE#         80
  C:6667H         LINE#         82
  -------         ENDPROC       _EEPROM_READ
  -------         PROC          _EEPROM_WRITE
  D:0004H         SYMBOL        EE_address
  X:002BH         SYMBOL        DataAddress
  X:002EH         SYMBOL        length
  -------         DO            
  X:002FH         SYMBOL        i
  X:0030H         SYMBOL        j
  X:0032H         SYMBOL        p
  -------         ENDDO         
  C:5AA8H         LINE#         92
  C:5AB7H         LINE#         93
  C:5AB7H         LINE#         98
  C:5ABFH         LINE#         100
  C:5AC5H         LINE#         101
  C:5ACAH         LINE#         102
  C:5AD0H         LINE#         103
  C:5AE5H         LINE#         104
  C:5AE8H         LINE#         106
  C:5AE8H         LINE#         107
  C:5AEBH         LINE#         108
  C:5AEFH         LINE#         109
  C:5AFFH         LINE#         110
  C:5B02H         LINE#         111
  C:5B07H         LINE#         112
  C:5B11H         LINE#         113
  C:5B19H         LINE#         115
  C:5B21H         LINE#         116
  C:5B29H         LINE#         117
  C:5B3EH         LINE#         118
  C:5B43H         LINE#         119
  C:5B46H         LINE#         121
  C:5B46H         LINE#         122
  C:5B46H         LINE#         123
  C:5B46H         LINE#         124
BL51 BANKED LINKER/LOCATER V6.22.2.0                                                  02/08/2021  11:45:00  PAGE 52


  C:5B49H         LINE#         125
  C:5B5BH         LINE#         126
  C:5B5BH         LINE#         127
  C:5B61H         LINE#         128
  C:5B63H         LINE#         129
  C:5B63H         LINE#         130
  C:5B68H         LINE#         131
  C:5B72H         LINE#         132
  C:5B7AH         LINE#         134
  C:5B7DH         LINE#         135
  C:5B82H         LINE#         136
  -------         ENDPROC       _EEPROM_WRITE
  -------         PROC          _EEPROM_READ_FLOAT
  D:0006H         SYMBOL        EE_address
  -------         DO            
  X:0023H         SYMBOL        dat
  -------         ENDDO         
  C:67C6H         LINE#         143
  C:67C6H         LINE#         144
  C:67C6H         LINE#         146
  C:67CFH         LINE#         147
  C:67DDH         LINE#         148
  -------         ENDPROC       _EEPROM_READ_FLOAT
  -------         PROC          _EEPROM_WRITE_FLOAT
  D:0006H         SYMBOL        EE_address
  X:0025H         SYMBOL        dat
  C:6873H         LINE#         155
  C:6873H         LINE#         156
  C:6873H         LINE#         157
  -------         ENDPROC       _EEPROM_WRITE_FLOAT
  -------         PROC          _EEPROM_READ_INT
  D:0006H         SYMBOL        EE_address
  -------         DO            
  X:0023H         SYMBOL        dat
  -------         ENDDO         
  C:6841H         LINE#         165
  C:6841H         LINE#         166
  C:6841H         LINE#         168
  C:684AH         LINE#         169
  C:6852H         LINE#         170
  -------         ENDPROC       _EEPROM_READ_INT
  -------         PROC          _EEPROM_WRITE_INT
  D:0006H         SYMBOL        EE_address
  X:0023H         SYMBOL        dat
  C:67DEH         LINE#         177
  C:67E6H         LINE#         178
  C:67E6H         LINE#         179
  -------         ENDPROC       _EEPROM_WRITE_INT
  -------         ENDMOD        EEPROM

  -------         MODULE        ?C?FPADD
  C:159EH         PUBLIC        ?C?FPADD
  C:159AH         PUBLIC        ?C?FPSUB
  -------         ENDMOD        ?C?FPADD

  -------         MODULE        ?C?FPMUL
  C:168FH         PUBLIC        ?C?FPMUL
BL51 BANKED LINKER/LOCATER V6.22.2.0                                                  02/08/2021  11:45:00  PAGE 53


  -------         ENDMOD        ?C?FPMUL

  -------         MODULE        ?C?FPDIV
  C:1798H         PUBLIC        ?C?FPDIV
  -------         ENDMOD        ?C?FPDIV

  -------         MODULE        ?C?FPCMP
  C:1837H         PUBLIC        ?C?FPCMP
  C:1835H         PUBLIC        ?C?FPCMP3
  -------         ENDMOD        ?C?FPCMP

  -------         MODULE        ?C?FCAST
  C:18B8H         PUBLIC        ?C?FCASTC
  C:18B3H         PUBLIC        ?C?FCASTI
  C:18AEH         PUBLIC        ?C?FCASTL
  -------         ENDMOD        ?C?FCAST

  -------         MODULE        ?C?CASTF
  C:18ECH         PUBLIC        ?C?CASTF
  -------         ENDMOD        ?C?CASTF

  -------         MODULE        PRINTF
  X:0051H         PUBLIC        ?_PRINTF?BYTE
  X:0051H         PUBLIC        ?_SPRINTF?BYTE
  C:2E1FH         PUBLIC        _PRINTF
  C:2E19H         PUBLIC        _SPRINTF
  -------         ENDMOD        PRINTF

  -------         MODULE        FABS
  C:689DH         PUBLIC        _FABS
  -------         ENDMOD        FABS

  -------         MODULE        SQRT
  C:5C5FH         PUBLIC        _SQRT
  -------         ENDMOD        SQRT

  -------         MODULE        ?C?FPROUND
  C:196DH         PUBLIC        ?C?FPROUND
  -------         ENDMOD        ?C?FPROUND

  -------         MODULE        ?C?FPCONVERT
  C:19AAH         PUBLIC        ?C?FPCONVERT
  -------         ENDMOD        ?C?FPCONVERT

  -------         MODULE        ?C?FTNPWR
  C:1ADFH         PUBLIC        ?C?FTNPWR
  -------         ENDMOD        ?C?FTNPWR

  -------         MODULE        ?C?COPY
  C:1BEFH         PUBLIC        ?C?COPY
  -------         ENDMOD        ?C?COPY

  -------         MODULE        ?C?CLDPTR
  C:1C15H         PUBLIC        ?C?CLDPTR
  -------         ENDMOD        ?C?CLDPTR

  -------         MODULE        ?C?CLDOPTR
BL51 BANKED LINKER/LOCATER V6.22.2.0                                                  02/08/2021  11:45:00  PAGE 54


  C:1C2EH         PUBLIC        ?C?CLDOPTR
  -------         ENDMOD        ?C?CLDOPTR

  -------         MODULE        ?C?CSTPTR
  C:1C5BH         PUBLIC        ?C?CSTPTR
  -------         ENDMOD        ?C?CSTPTR

  -------         MODULE        ?C?IMUL
  C:1C6DH         PUBLIC        ?C?IMUL
  -------         ENDMOD        ?C?IMUL

  -------         MODULE        ?C?UIDIV
  C:1C7FH         PUBLIC        ?C?UIDIV
  -------         ENDMOD        ?C?UIDIV

  -------         MODULE        ?C?SIDIV
  C:1CD4H         PUBLIC        ?C?SIDIV
  -------         ENDMOD        ?C?SIDIV

  -------         MODULE        ?C?IILDX
  C:1D0AH         PUBLIC        ?C?IILDX
  -------         ENDMOD        ?C?IILDX

  -------         MODULE        ?C?ILDIX
  C:1D20H         PUBLIC        ?C?ILDIX
  -------         ENDMOD        ?C?ILDIX

  -------         MODULE        ?C?ILDPTR
  C:1D36H         PUBLIC        ?C?ILDPTR
  -------         ENDMOD        ?C?ILDPTR

  -------         MODULE        ?C?ILDOPTR
  C:1D61H         PUBLIC        ?C?ILDOPTR
  -------         ENDMOD        ?C?ILDOPTR

  -------         MODULE        ?C?ISTPTR
  C:1D99H         PUBLIC        ?C?ISTPTR
  -------         ENDMOD        ?C?ISTPTR

  -------         MODULE        ?C?LMUL
  C:1DB8H         PUBLIC        ?C?LMUL
  -------         ENDMOD        ?C?LMUL

  -------         MODULE        ?C?SLDIV
  C:645CH         PUBLIC        ?C?SLDIV
  -------         ENDMOD        ?C?SLDIV

  -------         MODULE        ?C?LNEG
  C:1E07H         PUBLIC        ?C?LNEG
  -------         ENDMOD        ?C?LNEG

  -------         MODULE        ?C?LLDXDATA
  C:1E15H         PUBLIC        ?C?LLDXDATA
  -------         ENDMOD        ?C?LLDXDATA

  -------         MODULE        ?C?LSTXDATA
  C:1E21H         PUBLIC        ?C?LSTXDATA
BL51 BANKED LINKER/LOCATER V6.22.2.0                                                  02/08/2021  11:45:00  PAGE 55


  -------         ENDMOD        ?C?LSTXDATA

  -------         MODULE        ?C?LSTKXDATA
  C:1E2DH         PUBLIC        ?C?LSTKXDATA
  -------         ENDMOD        ?C?LSTKXDATA

  -------         MODULE        ?C?PLDIXDATA
  C:1E5EH         PUBLIC        ?C?PLDIXDATA
  -------         ENDMOD        ?C?PLDIXDATA

  -------         MODULE        ?C?PSTXDATA
  C:1E75H         PUBLIC        ?C?PSTXDATA
  -------         ENDMOD        ?C?PSTXDATA

  -------         MODULE        ?C?CCASE
  C:1E7EH         PUBLIC        ?C?CCASE
  -------         ENDMOD        ?C?CCASE

  -------         MODULE        PUTCHAR
  C:666AH         PUBLIC        _PUTCHAR
  -------         ENDMOD        PUTCHAR

  -------         MODULE        ?C?ULDIV
  C:1EE0H         PUBLIC        ?C?ULDIV
  -------         ENDMOD        ?C?ULDIV

Program Size: data=15.1 xdata=423 code=26913
LINK/LOCATE RUN COMPLETE.  0 WARNING(S),  0 ERROR(S)
