C51 COMPILER V9.59.0.0   POWNDOWNSAVE                                                      02/08/2021 11:31:24 PAGE 1   


C51 COMPILER V9.59.0.0, COMPILATION OF MODULE POWNDOWNSAVE
OBJECT MODULE PLACED IN PownDownSave.OBJ
COMPILER INVOKED BY: C:\Keil_v5\C51\BIN\C51.EXE PownDownSave.c OPTIMIZE(8,SPEED) BROWSE DEBUG OBJECTEXTEND TABS(2)

line level    source

   1          /*---------------------------------------------------------------------*/
   2          /* --- STC MCU Limited ------------------------------------------------*/
   3          /* --- STC 1T Series MCU Demo Programme -------------------------------*/
   4          /* --- Mobile: (86)13922805190 ----------------------------------------*/
   5          /* --- Fax: 86-0513-55012956,55012947,55012969 ------------------------*/
   6          /* --- Tel: 86-0513-55012928,55012929,55012966 ------------------------*/
   7          /* --- Web: www.STCMCU.com --------------------------------------------*/
   8          /* --- Web: www.STCMCUDATA.com  ---------------------------------------*/
   9          /* --- QQ:  800003751 -------------------------------------------------*/
  10          /* 如果要在程序中使用此代码,请在程序中注明使用了STC的资料及程序        */
  11          /*---------------------------------------------------------------------*/
  12          
  13          
  14          /*************  本程序功能说明  **************
  15          
  16          本例程基于STC8H8K64U为主控芯片的实验箱8进行编写测试，STC8G、STC8H系列芯片可通用参考.
  17          
  18          用STC的MCU的IO方式驱动8位数码管。
  19          
  20          使用Timer0的16位自动重装来产生1ms节拍,程序运行于这个节拍下,用户修改MCU主时钟频率时,自动定时于1ms.
  21          
  22          用户可以在"用户定义宏"中修改掉电保存的EEPROM地址。
  23          
  24          显示效果为: 上电后显示秒计数, 计数范围为0~10000，显示在右边的5个数码管。
  25          
  26          当掉电后，MCU进入低压中断，对秒计数进行保存。MCU上电时读出秒计数继续显示。
  27          
  28          用户可以在"用户定义宏"中选择滤波电容大还是小。
  29          大的电容(比如1000uF)，则掉电后保持的时间长，可以在低压中断中擦除后(需要20多ms时间)然后写入。
  30          小的电容，则掉电后保持的时间短, 则必须在主程序初始化时先擦除.
  31          
  32          !!!!!!!!!!!!!!!!!!!!!!!!!!!!!!!!!!!!!!!!!!!!!!!!!!!!!!!!!!!
  33          注意：下载时，下载界面"硬件选项"中下面的项要固定如下设置:
  34          
  35          不勾选  允许低压复位(禁止低压中断)。
  36          
  37          设置用户EEPROM大小，并确保"用户定义宏"中设定的地址在EEPROM设置的大小范围之内。
  38          
  39          选择时钟 24MHZ (用户可自行修改频率)。
  40          !!!!!!!!!!!!!!!!!!!!!!!!!!!!!!!!!!!!!!!!!!!!!!!!!!!!!!!!!!!
  41          
  42          ******************************************/
  43          
  44          #include    "reg51.h"       //包含此头文件后，里面声明的寄存器不需要再手动输入，避免重复定义
  45          #include    "intrins.h"
  46          
  47          #define     MAIN_Fosc       24000000L   //定义主时钟
  48          
  49          #define     Timer0_16bitAutoReload()    TMOD &= ~0x03                   //16位自动重装
  50          #define     Timer0_16bit()              TMOD  = (TMOD & ~0x03) | 0x01   //16位
  51          #define     Timer0_8bitAutoReload()     TMOD  = (TMOD & ~0x03) | 0x02   //8位自动重装
  52          #define     Timer0_16bitAutoRL_NoMask() TMOD |=  0x03       //16位自动重装不可屏蔽中断
  53          #define     Timer0_AsCounterP32()       TMOD |=  4      //时器0用做计数器
  54          #define     Timer0_AsTimer()            TMOD &= ~4      //时器0用做定时器
  55          #define     Timer0_ExtControlP34()      TMOD |=  4      //时器0由外部INT0高电平允许定时计数
C51 COMPILER V9.59.0.0   POWNDOWNSAVE                                                      02/08/2021 11:31:24 PAGE 2   

  56          #define     Timer0_Run()                TR0 = 1             //允许定时器0计数
  57          #define     Timer0_Stop()               TR0 = 0             //禁止定时器0计数
  58          #define     Timer0_InterruptEnable()    ET0 = 1             //允许Timer1中断.
  59          #define     Timer0_InterruptDisable()   ET0 = 0             //禁止Timer1中断.
  60          #define     Timer0_1T()                 AUXR |=  (1<<7) //Timer0 clodk = fo
  61          #define     Timer0_12T()                AUXR &= ~(1<<7) //Timer0 clodk = fo/12  12分频, default
  62          #define     Timer0_Load(n)      TH0 = (n) / 256,    TL0 = (n) % 256
  63          
  64          typedef     unsigned char   u8;
  65          typedef     unsigned int    u16;
  66          typedef     unsigned long   u32;
  67          
  68          //手动输入声明"reg51.h"头文件里面没有定义的寄存器
  69          sfr TH2  = 0xD6;
  70          sfr TL2  = 0xD7;
  71          sfr IE2   = 0xAF;
  72          sfr INT_CLKO = 0x8F;
  73          sfr AUXR = 0x8E;
  74          sfr AUXR1 = 0xA2;
  75          sfr P_SW1 = 0xA2;
  76          sfr P_SW2 = 0xBA;
  77          
  78          sfr IAP_DATA  = 0xC2;
  79          sfr IAP_ADDRH = 0xC3;
  80          sfr IAP_ADDRL = 0xC4;
  81          sfr IAP_CMD   = 0xC5;
  82          sfr IAP_TRIG  = 0xC6;
  83          sfr IAP_CONTR = 0xC7;
  84          sfr IAP_TPS   = 0xF5;
  85          
  86          sfr ADCCFG = 0xde;
  87          
  88          sfr P4   = 0xC0;
  89          sfr P5   = 0xC8;
  90          sfr P6   = 0xE8;
  91          sfr P7   = 0xF8;
  92          sfr P1M1 = 0x91;    //PxM1.n,PxM0.n     =00--->Standard,    01--->push-pull
  93          sfr P1M0 = 0x92;    //                  =10--->pure input,  11--->open drain
  94          sfr P0M1 = 0x93;
  95          sfr P0M0 = 0x94;
  96          sfr P2M1 = 0x95;
  97          sfr P2M0 = 0x96;
  98          sfr P3M1 = 0xB1;
  99          sfr P3M0 = 0xB2;
 100          sfr P4M1 = 0xB3;
 101          sfr P4M0 = 0xB4;
 102          sfr P5M1 = 0xC9;
 103          sfr P5M0 = 0xCA;
 104          sfr P6M1 = 0xCB;
 105          sfr P6M0 = 0xCC;
 106          sfr P7M1 = 0xE1;
 107          sfr P7M0 = 0xE2;
 108          
 109          sbit P00 = P0^0;
 110          sbit P01 = P0^1;
 111          sbit P02 = P0^2;
 112          sbit P03 = P0^3;
 113          sbit P04 = P0^4;
 114          sbit P05 = P0^5;
 115          sbit P06 = P0^6;
 116          sbit P07 = P0^7;
 117          sbit P10 = P1^0;
C51 COMPILER V9.59.0.0   POWNDOWNSAVE                                                      02/08/2021 11:31:24 PAGE 3   

 118          sbit P11 = P1^1;
 119          sbit P12 = P1^2;
 120          sbit P13 = P1^3;
 121          sbit P14 = P1^4;
 122          sbit P15 = P1^5;
 123          sbit P16 = P1^6;
 124          sbit P17 = P1^7;
 125          sbit P20 = P2^0;
 126          sbit P21 = P2^1;
 127          sbit P22 = P2^2;
 128          sbit P23 = P2^3;
 129          sbit P24 = P2^4;
 130          sbit P25 = P2^5;
 131          sbit P26 = P2^6;
 132          sbit P27 = P2^7;
 133          sbit P30 = P3^0;
 134          sbit P31 = P3^1;
 135          sbit P32 = P3^2;
 136          sbit P33 = P3^3;
 137          sbit P34 = P3^4;
 138          sbit P35 = P3^5;
 139          sbit P36 = P3^6;
 140          sbit P37 = P3^7;
 141          sbit P40 = P4^0;
 142          sbit P41 = P4^1;
 143          sbit P42 = P4^2;
 144          sbit P43 = P4^3;
 145          sbit P44 = P4^4;
 146          sbit P45 = P4^5;
 147          sbit P46 = P4^6;
 148          sbit P47 = P4^7;
 149          sbit P50 = P5^0;
 150          sbit P51 = P5^1;
 151          sbit P52 = P5^2;
 152          sbit P53 = P5^3;
 153          sbit P54 = P5^4;
 154          sbit P55 = P5^5;
 155          sbit P56 = P5^6;
 156          sbit P57 = P5^7;
 157          
 158          sbit ELVD = IE^6;   //低压监测中断允许位
 159          sbit PLVD   = IP^6;
 160          
 161          #define DIS_DOT     0x20
 162          #define DIS_BLACK   0x10
 163          #define DIS_        0x11
 164          
 165          /****************************** 用户定义宏 ***********************************/
 166          
 167          #define     LargeCapacitor  0   //0: 滤波电容比较小,  1: 滤波电容比较大
 168          
 169          #define     EE_ADDRESS  0x0000  //保存的EEPROM起始地址
 170          
 171          #define     Timer0_Reload   (65536UL -(MAIN_Fosc / 1000))       //Timer 0 中断频率, 1000次/秒
 172          
 173          #define     Tip_Delay   (MAIN_Fosc / 1000000)
 174          
 175          /*****************************************************************************/
 176          
 177          
 178          /*************  本地常量声明    **************/
 179          u8 code t_display[]={                       //标准字库
C51 COMPILER V9.59.0.0   POWNDOWNSAVE                                                      02/08/2021 11:31:24 PAGE 4   

 180          //   0    1    2    3    4    5    6    7    8    9    A    B    C    D    E    F
 181              0x3F,0x06,0x5B,0x4F,0x66,0x6D,0x7D,0x07,0x7F,0x6F,0x77,0x7C,0x39,0x5E,0x79,0x71,
 182          //black  -     H    J    K    L    N    o   P    U     t    G    Q    r   M    y
 183              0x00,0x40,0x76,0x1E,0x70,0x38,0x37,0x5C,0x73,0x3E,0x78,0x3d,0x67,0x50,0x37,0x6e,
 184              0xBF,0x86,0xDB,0xCF,0xE6,0xED,0xFD,0x87,0xFF,0xEF,0x46};    //0. 1. 2. 3. 4. 5. 6. 7. 8. 9. -1
 185          
 186          u8 code T_COM[]={0x01,0x02,0x04,0x08,0x10,0x20,0x40,0x80};      //位码
 187          
 188          
 189          u8  LED8[8];        //显示缓冲
 190          u8  display_index;  //显示位索引
 191          bit B_1ms;          //1ms标志
 192          u16 msecond;
 193          
 194          u16 Test_cnt;   //测试用的秒计数变量
 195          u8  tmp[2];     //通用数组
 196          
 197          
 198          void    Display(void);
 199          void    DisableEEPROM(void);
 200          void    EEPROM_read_n(u16 EE_address,u8 *DataAddress,u16 number);
 201          void    EEPROM_write_n(u16 EE_address,u8 *DataAddress,u16 number);
 202          void    EEPROM_SectorErase(u16 EE_address);
 203          
 204          /********************** 主函数 ************************/
 205          void main(void)
 206          {
 207   1          u8  i;
 208   1          
 209   1          P0M1 = 0;   P0M0 = 0;   //设置为准双向口
 210   1          P1M1 = 0;   P1M0 = 0;   //设置为准双向口
 211   1          P2M1 = 0;   P2M0 = 0;   //设置为准双向口
 212   1          P3M1 = 0;   P3M0 = 0;   //设置为准双向口
 213   1          P4M1 = 0;   P4M0 = 0;   //设置为准双向口
 214   1          P5M1 = 0;   P5M0 = 0;   //设置为准双向口
 215   1          P6M1 = 0;   P6M0 = 0;   //设置为准双向口
 216   1          P7M1 = 0;   P7M0 = 0;   //设置为准双向口
 217   1      
 218   1          display_index = 0;
 219   1          for(i=0; i<8; i++)  LED8[i] = DIS_BLACK;    //全部消隐
 220   1          
 221   1          Timer0_1T();
 222   1          Timer0_AsTimer();
 223   1          Timer0_16bitAutoReload();
 224   1          Timer0_Load(Timer0_Reload);
 225   1          Timer0_InterruptEnable();
 226   1          Timer0_Run();
 227   1          EA = 1;     //打开总中断
 228   1          
 229   1          for(msecond=0; msecond < 200; ) //延时200ms
 230   1          {
 231   2              if(B_1ms)   //1ms到
 232   2              {
 233   3                  B_1ms = 0;
 234   3                  msecond ++;
 235   3              }
 236   2          }
 237   1      
 238   1          EEPROM_read_n(EE_ADDRESS,tmp,2);        //读出2字节
 239   1          Test_cnt = ((u16)tmp[0] << 8) + tmp[1]; //秒计数
 240   1          if(Test_cnt > 10000)    Test_cnt = 0;   //秒计数范围为0~10000
 241   1          
C51 COMPILER V9.59.0.0   POWNDOWNSAVE                                                      02/08/2021 11:31:24 PAGE 5   

 242   1          #if (LargeCapacitor == 0)   //滤波电容比较小，电容保持时间比较短，则先擦除
 243   1              EEPROM_SectorErase(EE_ADDRESS); //擦除一个扇区
 244   1          #endif
 245   1          
 246   1          Display();      //显示秒计数
 247   1          
 248   1          PCON = PCON & ~(1<<5);  //低压检测标志清0
 249   1          ELVD = 1;   //低压监测中断允许
 250   1          PLVD = 1;   //低压中断 优先级高
 251   1      
 252   1          while(1)
 253   1          {
 254   2              if(B_1ms)   //1ms到
 255   2              {
 256   3                  B_1ms = 0;
 257   3                  if(++msecond >= 1000)   //1秒到
 258   3                  {
 259   4                      msecond = 0;        //清1000ms计数
 260   4                      Test_cnt++;         //秒计数+1
 261   4                      if(Test_cnt > 10000)    Test_cnt = 0;   //秒计数范围为0~10000
 262   4                      Display();          //显示秒计数
 263   4                  }
 264   3              }
 265   2          }
 266   1      } 
 267          /**********************************************/
 268          
 269          /********************** 低压中断函数 ************************/
 270          void LVD_Routine(void) interrupt 6
 271          {
 272   1          u8  i;
 273   1      
 274   1          P7 = 0xff;     //先关闭显示，省电
 275   1          
 276   1          #if (LargeCapacitor > 0)    //滤波电容比较大，电容保持时间比较长(50ms以上)，则在中断里擦除
                      EEPROM_SectorErase(EE_ADDRESS); //擦除一个扇区
                  #endif
 279   1      
 280   1          tmp[0] = (u8)(Test_cnt >> 8);
 281   1          tmp[1] = (u8)Test_cnt;
 282   1          EEPROM_write_n(EE_ADDRESS,tmp,2);
 283   1      
 284   1          while(PCON & (1<<5))            //检测是否仍然低电压
 285   1          {
 286   2              PCON = PCON & ~(1<<5);      //低压检测标志清0
 287   2              for(i=0; i<100; i++)    ;   //延时一下
 288   2          }
 289   1      }
 290          
 291          /********************** 显示计数函数 ************************/
 292          void Display(void)
 293          {
 294   1          u8  i;
 295   1          
 296   1          LED8[3] = Test_cnt / 10000;
 297   1          LED8[4] = (Test_cnt % 10000) / 1000;
 298   1          LED8[5] = (Test_cnt % 1000) / 100;
 299   1          LED8[6] = (Test_cnt % 100) / 10;
 300   1          LED8[7] = Test_cnt % 10;
 301   1          
 302   1          for(i=3; i<7; i++)  //消无效0
 303   1          {
C51 COMPILER V9.59.0.0   POWNDOWNSAVE                                                      02/08/2021 11:31:24 PAGE 6   

 304   2              if(LED8[i] > 0) break;
 305   2              LED8[i] = DIS_BLACK;
 306   2          }
 307   1      }
 308          
 309          //========================================================================
 310          // 函数: void   ISP_Disable(void)
 311          // 描述: 禁止访问ISP/IAP.
 312          // 参数: non.
 313          // 返回: non.
 314          // 版本: V1.0, 2012-10-22
 315          //========================================================================
 316          void DisableEEPROM(void)
 317          {
 318   1          IAP_CONTR = 0;          //关闭 IAP 功能
 319   1          IAP_CMD = 0;            //清除命令寄存器
 320   1          IAP_TRIG = 0;           //清除触发寄存器
 321   1          IAP_ADDRH = 0x80;       //将地址设置到非 IAP 区域
 322   1          IAP_ADDRL = 0;
 323   1      }
 324          
 325          //========================================================================
 326          // 函数: void EEPROM_read_n(u16 EE_address,u8 *DataAddress,u16 number)
 327          // 描述: 从指定EEPROM首地址读出n个字节放指定的缓冲.
 328          // 参数: EE_address:  读出EEPROM的首地址.
 329          //       DataAddress: 读出数据放缓冲的首地址.
 330          //       number:      读出的字节长度.
 331          // 返回: non.
 332          // 版本: V1.0, 2012-10-22
 333          //========================================================================
 334          void EEPROM_read_n(u16 EE_address,u8 *DataAddress,u16 number)
 335          {
 336   1          EA = 0;     //禁止中断
 337   1      
 338   1          IAP_CONTR = 0x80; //使能 IAP
 339   1          IAP_TPS = Tip_Delay; //设置擦除等待参数 24MHz
 340   1          IAP_CMD = 1;  //设置 IAP 读命令
 341   1          do
 342   1          {
 343   2              IAP_ADDRH = EE_address / 256; //设置 IAP 地址高字节
 344   2              IAP_ADDRL = EE_address % 256; //设置 IAP 地址低字节
 345   2              IAP_TRIG = 0x5a; //写触发命令(0x5a)
 346   2              IAP_TRIG = 0xa5; //写触发命令(0xa5)
 347   2              _nop_();
 348   2              *DataAddress = IAP_DATA; //读 IAP 数据
 349   2              EE_address++;
 350   2              DataAddress++;
 351   2          }while(--number);
 352   1          DisableEEPROM();
 353   1          EA = 1;     //重新允许中断
 354   1      }
 355          
 356          
 357          /******************** 扇区擦除函数 *****************/
 358          //========================================================================
 359          // 函数: void EEPROM_SectorErase(u16 EE_address)
 360          // 描述: 把指定地址的EEPROM扇区擦除.
 361          // 参数: EE_address:  要擦除的扇区EEPROM的地址.
 362          // 返回: non.
 363          // 版本: V1.0, 2013-5-10
 364          //========================================================================
 365          void EEPROM_SectorErase(u16 EE_address)
C51 COMPILER V9.59.0.0   POWNDOWNSAVE                                                      02/08/2021 11:31:24 PAGE 7   

 366          {
 367   1          EA = 0;     //禁止中断
 368   1      
 369   1          IAP_CONTR = 0x80; //使能 IAP
 370   1          IAP_TPS = Tip_Delay;     //设置擦除等待参数 24MHz
 371   1          IAP_CMD = 3;      //设置 IAP 擦除命令
 372   1          IAP_ADDRH = EE_address / 256; //设置 IAP 地址高字节
 373   1          IAP_ADDRL = EE_address % 256; //设置 IAP 地址低字节
 374   1          IAP_TRIG = 0x5a; //写触发命令(0x5a)
 375   1          IAP_TRIG = 0xa5; //写触发命令(0xa5)
 376   1          _nop_();
 377   1          DisableEEPROM();
 378   1          EA = 1;     //重新允许中断
 379   1      }
 380          
 381          //========================================================================
 382          // 函数: void EEPROM_write_n(u16 EE_address,u8 *DataAddress,u16 number)
 383          // 描述: 把缓冲的n个字节写入指定首地址的EEPROM.
 384          // 参数: EE_address:  写入EEPROM的首地址.
 385          //       DataAddress: 写入源数据的缓冲的首地址.
 386          //       number:      写入的字节长度.
 387          // 返回: non.
 388          // 版本: V1.0, 2012-10-22
 389          //========================================================================
 390          void EEPROM_write_n(u16 EE_address,u8 *DataAddress,u16 number)
 391          {
 392   1          EA = 0;     //禁止中断
 393   1      
 394   1          IAP_CONTR = 0x80; //使能 IAP
 395   1          IAP_TPS = Tip_Delay; //设置擦除等待参数 24MHz
 396   1          IAP_CMD = 2;  //设置 IAP 写命令
 397   1          do
 398   1          {
 399   2              IAP_ADDRH = EE_address / 256; //设置 IAP 地址高字节
 400   2              IAP_ADDRL = EE_address % 256; //设置 IAP 地址低字节
 401   2              IAP_DATA = *DataAddress; //写 IAP 数据
 402   2              IAP_TRIG = 0x5a; //写触发命令(0x5a)
 403   2              IAP_TRIG = 0xa5; //写触发命令(0xa5)
 404   2              _nop_();
 405   2              EE_address++;
 406   2              DataAddress++;
 407   2          }while(--number);
 408   1      
 409   1          DisableEEPROM();
 410   1          EA = 1;     //重新允许中断
 411   1      }
 412          
 413          
 414          /********************** 显示扫描函数 ************************/
 415          void DisplayScan(void)
 416          {   
 417   1          P7 = ~T_COM[7-display_index];
 418   1          P6 = ~t_display[LED8[display_index]];
 419   1          if(++display_index >= 8)    display_index = 0;  //8位结束回0
 420   1      }
 421          
 422          
 423          /********************** Timer0 1ms中断函数 ************************/
 424          void timer0 (void) interrupt 1
 425          {
 426   1          DisplayScan();  //1ms扫描显示一位
 427   1          B_1ms = 1;      //1ms标志
C51 COMPILER V9.59.0.0   POWNDOWNSAVE                                                      02/08/2021 11:31:24 PAGE 8   

 428   1      }


MODULE INFORMATION:   STATIC OVERLAYABLE
   CODE SIZE        =    742    ----
   CONSTANT SIZE    =     51    ----
   XDATA SIZE       =   ----    ----
   PDATA SIZE       =   ----    ----
   DATA SIZE        =     15      15
   IDATA SIZE       =   ----    ----
   BIT SIZE         =      1    ----
END OF MODULE INFORMATION.


C51 COMPILATION COMPLETE.  0 WARNING(S),  0 ERROR(S)
