<html>
<body>
<pre>
<h1>礦ision Build Log</h1>
<h2>Project:</h2>
C:\Users\张名浩\Desktop\STM32_OLED_Demo_STM32F103ZET6_IIC_V1.0\USER\OLED.uvprojx
Project File Date:  12/23/2020

<h2>Output:</h2>
Build target 'QD-OLED'
compiling main.c...
delay.h(19): warning:  #1-D: last line of file ends without a newline
  #endif
bsp_i2c.h(45): warning:  #1-D: last line of file ends without a newline
  #endif
main.c: 2 warnings, 0 errors
linking...
..\OBJ\TEST_OLED.axf: Warning: L6304W: Duplicate input file ..\obj\delay.o ignored.
..\OBJ\TEST_OLED.axf: Warning: L6304W: Duplicate input file ..\obj\usart.o ignored.
Program Size: Code=8848 RO-data=2408 RW-data=596 ZI-data=1836  
Finished: 0 information, 2 warning and 0 error messages.
FromELF: creating hex file...
"..\OBJ\TEST_OLED.axf" - 0 Error(s), 4 Warning(s).

<h2>Software Packages used:</h2>

Package Vendor: ARM
                http://www.keil.com/pack/ARM.CMSIS.3.20.4.pack
                ARM::CMSIS:CORE:3.20.0
                Cortex Microcontroller Software Interface Standard (CMSIS) CORE, DSP, RTOS, Driver
   * Component: CORE Version: 3.20.0

<h2>Collection of Component include folders:</h2>
  C:\Users\张名浩\Desktop\STM32_OLED_Demo_STM32F103ZET6_IIC_V1.0\USER\RTE
  E:\MDK5\ARM\PACK\ARM\CMSIS\3.20.4\CMSIS\Include
  E:\MDK5\ARM\PACK\Keil\STM32F1xx_DFP\1.0.4\Device\Include

<h2>Collection of Component Files used:</h2>

   * Component: ARM::CMSIS:CORE:3.20.0
</pre>
</body>
</html>
xf" 
Set JLink Project File to "C:\Users\张名浩\Desktop\STM32_OLED_Demo_STM32F103ZET6_IIC_V1.0\USER\JLinkSettings.ini"
* JLink Info: Device "STM32F103ZE" selected (512 KB flash, 64 KB RAM).
 
JLink info:
------------
DLL: V4.80g, compiled Feb 13 2014 20:50:02
Firmware: J-Link ARM V8 compiled Nov 28 2014 13:44:46
Hardware: V8.00
S/N : 788529391 
Feature(s) : RDI,FlashDL,FlashBP,JFlash,GDB 
 
* JLink Info: TotalIRLen = 9, IRPrint = 0x0011
* JLink Info: TotalIRLen = 9, IRPrint = 0x0011
* JLink Info: Found Cortex-M3 r1p1, Little endian.
* JLink Info: FPUnit: 6 code (BP) slots and 2 literal slots
* JLink Info: TPIU fitted.
* JLink Info: ETM fitted.
ROMTableAddr = 0xE00FF003
 
Target info:
------------
Device: STM32F103ZE
VTarget = 3.325V
State of Pins: 
TCK: 1, TDI: 1, TDO: 1, TMS: 0, TRES: 1, TRST: 1
Hardware-Breakpoints: 6
Software-Breakpoints: 8192
Watchpoints:          4
JTAG speed: 500 kHz
 
Erase Done.
Programming Done.
Verify OK.
Application running ...
s running
***JLink Error: Can not read register 1 (R1) while CPU is running
***JLink Error: Can not read register 2 (R2) while CPU is running
Programming Done.
Verify OK.
Application running ...
