A51 MACRO ASSEMBLER  MCLK                                                                 03/11/2021 16:44:27 PAGE     1


MACRO ASSEMBLER A51 V8.2.7.0
OBJECT MODULE PLACED IN MCLK.OBJ
ASSEMBLER INVOKED BY: C:\Keil_v5\C51\BIN\A51.EXE MCLK.asm SET(SMALL) DEBUG EP

LOC  OBJ            LINE     SOURCE

                       1     ;/*---------------------------------------------------------------------*/
                       2     ;/* --- STC MCU Limited ------------------------------------------------*/
                       3     ;/* --- STC 1T Series MCU Demo Programme -------------------------------*/
                       4     ;/* --- Mobile: (86)13922805190 ----------------------------------------*/
                       5     ;/* --- Fax: 86-0513-55012956,55012947,55012969 ------------------------*/
                       6     ;/* --- Tel: 86-0513-55012928,55012929,55012966 ------------------------*/
                       7     ;/* --- Web: www.STCMCU.com --------------------------------------------*/
                       8     ;/* --- Web: www.STCMCUDATA.com ----------------------------------------*/
                       9     ;/* --- QQ:  800003751 -------------------------------------------------*/
                      10     ;/* 如果要在程序中使用此代码,请在程序中注明使用了STC的资料及程序        */
                      11     ;/*---------------------------------------------------------------------*/
                      12     
                      13     
                      14     ;/************* 功能说明    **************
                      15     
                      16     ;本例程基于STC8H8K64U为主控芯片的实验箱8进行编写测试，STC8G、STC8H系列芯片可通用参考.
                      17     
                      18     ;程序使用P6口做跑马灯，演示系统时钟源切换效果。
                      19     
                      20     ;跑马灯每跑一轮切换一次时钟源，分别是默认IRC主频，主频48分频，内部32K IRC。
                      21     
                      22     ;下载时, 选择时钟 24MHZ (用户可自行修改频率).
                      23     
                      24     ;******************************************/
                      25     
                      26     ;/****************************** 用户定义宏 ***********************************/
                      27     
  5DC0                28     Fosc_KHZ    EQU 24000   ;24000KHZ
                      29     
  00D0                30     STACK_POIRTER   EQU     0D0H    ;堆栈开始地址
                      31     
                      32     ;*******************************************************************
                      33     ;*******************************************************************
  00BA                34     P_SW2   DATA    0BAH
  00C0                35     P4      DATA    0C0H
  00C8                36     P5      DATA    0C8H
  00E8                37     P6      DATA    0E8H
  00F8                38     P7      DATA    0F8H
                      39     
  0093                40     P0M1    DATA    0x93    ; P0M1.n,P0M0.n     =00--->Standard,    01--->push-pull
  0094                41     P0M0    DATA    0x94    ;                   =10--->pure input,  11--->open drain
  0091                42     P1M1    DATA    0x91    ; P1M1.n,P1M0.n     =00--->Standard,    01--->push-pull
  0092                43     P1M0    DATA    0x92    ;                   =10--->pure input,  11--->open drain
  0095                44     P2M1    DATA    0x95    ; P2M1.n,P2M0.n     =00--->Standard,    01--->push-pull
  0096                45     P2M0    DATA    0x96    ;                   =10--->pure input,  11--->open drain
  00B1                46     P3M1    DATA    0xB1    ; P3M1.n,P3M0.n     =00--->Standard,    01--->push-pull
  00B2                47     P3M0    DATA    0xB2    ;                   =10--->pure input,  11--->open drain
  00B3                48     P4M1    DATA    0xB3    ; P4M1.n,P4M0.n     =00--->Standard,    01--->push-pull
  00B4                49     P4M0    DATA    0xB4    ;                   =10--->pure input,  11--->open drain
  00C9                50     P5M1    DATA    0xC9    ; P5M1.n,P5M0.n     =00--->Standard,    01--->push-pull
  00CA                51     P5M0    DATA    0xCA    ;                   =10--->pure input,  11--->open drain
  00CB                52     P6M1    DATA    0xCB    ; P6M1.n,P6M0.n     =00--->Standard,    01--->push-pull
  00CC                53     P6M0    DATA    0xCC    ;                   =10--->pure input,  11--->open drain
  00E1                54     P7M1    DATA    0xE1    ;
  00E2                55     P7M0    DATA    0xE2    ;
                      56     
  FE00                57     CKSEL       EQU     0FE00H
  FE01                58     CLKDIV      EQU     0FE01H
A51 MACRO ASSEMBLER  MCLK                                                                 03/11/2021 16:44:27 PAGE     2

  FE02                59     HIRCCR      EQU     0FE02H
  FE03                60     XOSCCR      EQU     0FE03H
  FE04                61     IRC32KCR    EQU     0FE04H
                      62     
                      63     ;*******************************************************************
                      64     
  0021                65     Mode        DATA    21H
                      66     
                      67     ;*******************************************************************
0000                  68                 ORG     0000H
0000 020100           69                 LJMP    MAIN
                      70     
0100                  71                 ORG     0100H
0100                  72     MAIN:
0100 E4               73         CLR     A
0101 F593             74         MOV     P0M1, A     ;设置为准双向口
0103 F594             75         MOV     P0M0, A
0105 F591             76         MOV     P1M1, A     ;设置为准双向口
0107 F592             77         MOV     P1M0, A
0109 F595             78         MOV     P2M1, A     ;设置为准双向口
010B F596             79         MOV     P2M0, A
010D F5B1             80         MOV     P3M1, A     ;设置为准双向口
010F F5B2             81         MOV     P3M0, A
0111 F5B3             82         MOV     P4M1, A     ;设置为准双向口
0113 F5B4             83         MOV     P4M0, A
0115 F5C9             84         MOV     P5M1, A     ;设置为准双向口
0117 F5CA             85         MOV     P5M0, A
0119 F5CB             86         MOV     P6M1, A     ;设置为准双向口
011B F5CC             87         MOV     P6M0, A
011D F5E1             88         MOV     P7M1, A     ;设置为准双向口
011F F5E2             89         MOV     P7M0, A
                      90     
0121 7581D0           91         MOV     SP, #STACK_POIRTER
0124 75D000           92         MOV     PSW, #0     ;选择第0组R0~R7
                      93     
                      94     
0127 C2C0             95         CLR     P4.0        ;LED Power On
0129 752100           96         MOV     Mode, #0
012C 78FE             97         MOV     R0, #0XFE
012E                  98     L_MainLoop:
012E 88E8             99         MOV     P6,R0
                     100         
0130 E8              101         MOV     A,R0
0131 23              102             RL      A
0132 F8              103         MOV     R0,A
                     104     
0133 20E003          105         JB      ACC.0,L_MainDelay
0136 12015D          106         LCALL   F_MCLK_Sel
                     107     
0139                 108     L_MainDelay:
0139 740A            109         MOV     A, #10
013B 120140          110         LCALL   F_delay_ms      ;延时10ms
013E 80EE            111         SJMP    L_MainLoop
                     112     
                     113     ;========================================================================
                     114     ; 函数: F_delay_ms
                     115     ; 描述: 延时子程序。
                     116     ; 参数: ACC: 延时ms数.
                     117     ; 返回: none.
                     118     ; 版本: VER1.0
                     119     ; 日期: 2013-4-1
                     120     ; 备注: 除了ACCC和PSW外, 所用到的通用寄存器都入栈
                     121     ;========================================================================
0140                 122     F_delay_ms:
0140 C002            123         PUSH    02H     ;入栈R2
0142 C003            124         PUSH    03H     ;入栈R3
A51 MACRO ASSEMBLER  MCLK                                                                 03/11/2021 16:44:27 PAGE     3

0144 C004            125         PUSH    04H     ;入栈R4
                     126     
0146 FA              127         MOV     R2,A
                     128     
0147                 129     L_delay_ms_1:
0147 7B09            130         MOV     R3, #HIGH (Fosc_KHZ / 10)
0149 7C60            131         MOV     R4, #LOW (Fosc_KHZ / 10)
                     132         
014B                 133     L_delay_ms_2:
014B EC              134         MOV     A, R4           ;1T     Total 10T/loop
014C 1C              135         DEC     R4              ;1T
014D 7001            136         JNZ     L_delay_ms_3    ;3T
014F 1B              137         DEC     R3
0150                 138     L_delay_ms_3:
0150 14              139         DEC     A               ;1T
0151 4B              140         ORL     A, R3           ;1T
0152 70F7            141         JNZ     L_delay_ms_2    ;3T
                     142         
0154 DAF1            143         DJNZ    R2, L_delay_ms_1
                     144     
0156 D004            145         POP     04H     ;出栈R2
0158 D003            146         POP     03H     ;出栈R3
015A D002            147         POP     02H     ;出栈R4
015C 22              148         RET
                     149     
                     150     ;========================================================================
                     151     ; 函数: F_MCLK_Sel
                     152     ; 描述: 主频设置程序。
                     153     ; 参数: none.
                     154     ; 返回: none.
                     155     ; 版本: VER1.0
                     156     ; 日期: 2013-4-1
                     157     ;========================================================================
015D                 158     F_MCLK_Sel:
015D E521            159         MOV     A,Mode
015F 701F            160             JNZ     F_MCLK_1
0161                 161     F_MCLK_0:
0161 75BA80          162         MOV     P_SW2,#80H
0164 7480            163         MOV     A,#080H                    ;启动内部 IRC
0166 90FE02          164         MOV     DPTR,#HIRCCR
0169 F0              165         MOVX    @DPTR,A
016A E0              166         MOVX    A,@DPTR
016B 30E0FC          167         JNB     ACC.0,$-1                  ;等待时钟稳定
                     168     
016E 7400            169         MOV     A,#00H                     ;时钟不分频
0170 90FE01          170         MOV     DPTR,#CLKDIV
0173 F0              171         MOVX    @DPTR,A
0174 7400            172         MOV     A,#00H                     ;选择内部IRC(默认)
0176 90FE00          173         MOV     DPTR,#CKSEL
0179 F0              174         MOVX    @DPTR,A
017A 75BA00          175         MOV     P_SW2,#00H
017D 0521            176             INC     Mode
017F 22              177         RET
                     178     
0180                 179     F_MCLK_1:
0180 E521            180         MOV     A,Mode
0182 6401            181         XRL     A,#1
0184 701F            182             JNZ     F_MCLK_2
0186 75BA80          183         MOV     P_SW2,#80H
0189 7480            184         MOV     A,#080H                    ;启动内部 IRC
018B 90FE02          185         MOV     DPTR,#HIRCCR
018E F0              186         MOVX    @DPTR,A
018F E0              187         MOVX    A,@DPTR
0190 30E0FC          188         JNB     ACC.0,$-1                  ;等待时钟稳定
                     189     
0193 7430            190         MOV     A,#48                      ;时钟48分频
A51 MACRO ASSEMBLER  MCLK                                                                 03/11/2021 16:44:27 PAGE     4

0195 90FE01          191         MOV     DPTR,#CLKDIV
0198 F0              192         MOVX    @DPTR,A
0199 7400            193         MOV     A,#00H                     ;选择内部IRC(默认)
019B 90FE00          194         MOV     DPTR,#CKSEL
019E F0              195         MOVX    @DPTR,A
019F 75BA00          196         MOV     P_SW2,#00H
01A2 0521            197             INC     Mode
01A4 22              198         RET
                     199     
01A5                 200     F_MCLK_2:
01A5 E521            201         MOV     A,Mode
01A7 6402            202         XRL     A,#2
01A9 701C            203             JNZ     F_MCLK_CLR
01AB 75BA80          204         MOV     P_SW2,#80H
01AE 7480            205         MOV     A,#080H                    ;启动内部 32K IRC
01B0 90FE04          206         MOV     DPTR,#IRC32KCR
01B3 F0              207         MOVX    @DPTR,A
01B4 E0              208         MOVX    A,@DPTR
01B5 30E0FC          209         JNB     ACC.0,$-1                  ;等待时钟稳定
                     210     
01B8 7400            211         MOV     A,#00H                     ;时钟不分频
01BA 90FE01          212         MOV     DPTR,#CLKDIV
01BD F0              213         MOVX    @DPTR,A
01BE 7403            214         MOV     A,#03H                     ;选择内部 32K
01C0 90FE00          215         MOV     DPTR,#CKSEL
01C3 F0              216         MOVX    @DPTR,A
01C4 75BA00          217         MOV     P_SW2,#00H
01C7                 218     F_MCLK_CLR:
01C7 752100          219         MOV     Mode, #0
01CA 22              220         RET
                     221     
                     222     ;F_MCLK_3:
                     223         ;MOV     A,Mode
                     224         ;XRL     A,#3
                     225             ;JNZ     F_MCLK_CLR
                     226         ;MOV     P_SW2,#80H
                     227         ;MOV     A,#0C0H                    ;启动外部晶振
                     228         ;MOV     DPTR,#XOSCCR
                     229         ;MOVX    @DPTR,A
                     230         ;MOVX    A,@DPTR
                     231         ;JNB     ACC.0,$-1                  ;等待时钟稳定
                     232     
                     233         ;MOV     A,#00H                     ;时钟不分频
                     234         ;MOV     DPTR,#CLKDIV
                     235         ;MOVX    @DPTR,A
                     236         ;MOV     A,#01H                     ;选择外部晶振
                     237         ;MOV     DPTR,#CKSEL
                     238         ;MOVX    @DPTR,A
                     239         ;MOV     P_SW2,#00H
                     240         ;MOV     Mode, #0
                     241         ;RET
                     242     
                     243         END
                             
A51 MACRO ASSEMBLER  MCLK                                                                 03/11/2021 16:44:27 PAGE     5

SYMBOL TABLE LISTING
------ ----- -------


N A M E             T Y P E  V A L U E   ATTRIBUTES

ACC. . . . . . . .  D ADDR   00E0H   A   
CKSEL. . . . . . .  N NUMB   FE00H   A   
CLKDIV . . . . . .  N NUMB   FE01H   A   
FOSC_KHZ . . . . .  N NUMB   5DC0H   A   
F_DELAY_MS . . . .  C ADDR   0140H   A   
F_MCLK_0 . . . . .  C ADDR   0161H   A   
F_MCLK_1 . . . . .  C ADDR   0180H   A   
F_MCLK_2 . . . . .  C ADDR   01A5H   A   
F_MCLK_CLR . . . .  C ADDR   01C7H   A   
F_MCLK_SEL . . . .  C ADDR   015DH   A   
HIRCCR . . . . . .  N NUMB   FE02H   A   
IRC32KCR . . . . .  N NUMB   FE04H   A   
L_DELAY_MS_1 . . .  C ADDR   0147H   A   
L_DELAY_MS_2 . . .  C ADDR   014BH   A   
L_DELAY_MS_3 . . .  C ADDR   0150H   A   
L_MAINDELAY. . . .  C ADDR   0139H   A   
L_MAINLOOP . . . .  C ADDR   012EH   A   
MAIN . . . . . . .  C ADDR   0100H   A   
MODE . . . . . . .  D ADDR   0021H   A   
P0M0 . . . . . . .  D ADDR   0094H   A   
P0M1 . . . . . . .  D ADDR   0093H   A   
P1M0 . . . . . . .  D ADDR   0092H   A   
P1M1 . . . . . . .  D ADDR   0091H   A   
P2M0 . . . . . . .  D ADDR   0096H   A   
P2M1 . . . . . . .  D ADDR   0095H   A   
P3M0 . . . . . . .  D ADDR   00B2H   A   
P3M1 . . . . . . .  D ADDR   00B1H   A   
P4 . . . . . . . .  D ADDR   00C0H   A   
P4M0 . . . . . . .  D ADDR   00B4H   A   
P4M1 . . . . . . .  D ADDR   00B3H   A   
P5 . . . . . . . .  D ADDR   00C8H   A   
P5M0 . . . . . . .  D ADDR   00CAH   A   
P5M1 . . . . . . .  D ADDR   00C9H   A   
P6 . . . . . . . .  D ADDR   00E8H   A   
P6M0 . . . . . . .  D ADDR   00CCH   A   
P6M1 . . . . . . .  D ADDR   00CBH   A   
P7 . . . . . . . .  D ADDR   00F8H   A   
P7M0 . . . . . . .  D ADDR   00E2H   A   
P7M1 . . . . . . .  D ADDR   00E1H   A   
PSW. . . . . . . .  D ADDR   00D0H   A   
P_SW2. . . . . . .  D ADDR   00BAH   A   
SP . . . . . . . .  D ADDR   0081H   A   
STACK_POIRTER. . .  N NUMB   00D0H   A   
XOSCCR . . . . . .  N NUMB   FE03H   A   


REGISTER BANK(S) USED: 0 


ASSEMBLY COMPLETE.  0 WARNING(S), 0 ERROR(S)
